stm32l1xx_hal_dac.c:333:13:HAL_DAC_MspInit	0	static
stm32l1xx_hal_dac.c:259:19:HAL_DAC_Init	8	static
stm32l1xx_hal_dac.c:349:13:HAL_DAC_MspDeInit	0	static
stm32l1xx_hal_dac.c:297:19:HAL_DAC_DeInit	8	static
stm32l1xx_hal_dac.c:391:19:HAL_DAC_Start	8	static
stm32l1xx_hal_dac.c:444:19:HAL_DAC_Stop	8	static
stm32l1xx_hal_dac.c:476:19:HAL_DAC_Start_DMA	24	static
stm32l1xx_hal_dac.c:595:19:HAL_DAC_Stop_DMA	8	static
stm32l1xx_hal_dac.c:645:10:HAL_DAC_GetValue	0	static
stm32l1xx_hal_dac.c:714:13:HAL_DAC_ConvCpltCallbackCh1	0	static
stm32l1xx_hal_dac.c:945:13:DAC_DMAConvCpltCh1	8	static
stm32l1xx_hal_dac.c:730:13:HAL_DAC_ConvHalfCpltCallbackCh1	0	static
stm32l1xx_hal_dac.c:960:13:DAC_DMAHalfConvCpltCh1	8	static
stm32l1xx_hal_dac.c:746:13:HAL_DAC_ErrorCallbackCh1	0	static
stm32l1xx_hal_dac.c:973:13:DAC_DMAErrorCh1	8	static
stm32l1xx_hal_dac.c:762:13:HAL_DAC_DMAUnderrunCallbackCh1	0	static
stm32l1xx_hal_dac.c:667:6:HAL_DAC_IRQHandler	8	static
stm32l1xx_hal_dac.c:802:19:HAL_DAC_ConfigChannel	12	static
stm32l1xx_hal_dac.c:857:19:HAL_DAC_SetValue	16	static
stm32l1xx_hal_dac.c:909:22:HAL_DAC_GetState	0	static
stm32l1xx_hal_dac.c:922:10:HAL_DAC_GetError	0	static
