Archive member included to satisfy reference by file (symbol)

c:/program files (x86)/atollic/truestudio for stm32 9.0.1/armtools/bin/../lib/gcc/arm-atollic-eabi/6.3.1/../../../../arm-atollic-eabi/lib/armv7-m\libc_nano.a(lib_a-init.o)
                              startup\startup_stm32l152xe.o (__libc_init_array)
c:/program files (x86)/atollic/truestudio for stm32 9.0.1/armtools/bin/../lib/gcc/arm-atollic-eabi/6.3.1/../../../../arm-atollic-eabi/lib/armv7-m\libc_nano.a(lib_a-sprintf.o)
                              Src\main.o (sprintf)
c:/program files (x86)/atollic/truestudio for stm32 9.0.1/armtools/bin/../lib/gcc/arm-atollic-eabi/6.3.1/../../../../arm-atollic-eabi/lib/armv7-m\libc_nano.a(lib_a-impure.o)
                              c:/program files (x86)/atollic/truestudio for stm32 9.0.1/armtools/bin/../lib/gcc/arm-atollic-eabi/6.3.1/../../../../arm-atollic-eabi/lib/armv7-m\libc_nano.a(lib_a-sprintf.o) (_impure_ptr)
c:/program files (x86)/atollic/truestudio for stm32 9.0.1/armtools/bin/../lib/gcc/arm-atollic-eabi/6.3.1/../../../../arm-atollic-eabi/lib/armv7-m\libc_nano.a(lib_a-nano-svfprintf.o)
                              c:/program files (x86)/atollic/truestudio for stm32 9.0.1/armtools/bin/../lib/gcc/arm-atollic-eabi/6.3.1/../../../../arm-atollic-eabi/lib/armv7-m\libc_nano.a(lib_a-sprintf.o) (_svfprintf_r)
c:/program files (x86)/atollic/truestudio for stm32 9.0.1/armtools/bin/../lib/gcc/arm-atollic-eabi/6.3.1/../../../../arm-atollic-eabi/lib/armv7-m\libc_nano.a(lib_a-nano-vfprintf_i.o)
                              c:/program files (x86)/atollic/truestudio for stm32 9.0.1/armtools/bin/../lib/gcc/arm-atollic-eabi/6.3.1/../../../../arm-atollic-eabi/lib/armv7-m\libc_nano.a(lib_a-nano-svfprintf.o) (_printf_i)
c:/program files (x86)/atollic/truestudio for stm32 9.0.1/armtools/bin/../lib/gcc/arm-atollic-eabi/6.3.1/../../../../arm-atollic-eabi/lib/armv7-m\libc_nano.a(lib_a-memchr-stub.o)
                              c:/program files (x86)/atollic/truestudio for stm32 9.0.1/armtools/bin/../lib/gcc/arm-atollic-eabi/6.3.1/../../../../arm-atollic-eabi/lib/armv7-m\libc_nano.a(lib_a-nano-svfprintf.o) (memchr)
c:/program files (x86)/atollic/truestudio for stm32 9.0.1/armtools/bin/../lib/gcc/arm-atollic-eabi/6.3.1/../../../../arm-atollic-eabi/lib/armv7-m\libc_nano.a(lib_a-memcpy-stub.o)
                              c:/program files (x86)/atollic/truestudio for stm32 9.0.1/armtools/bin/../lib/gcc/arm-atollic-eabi/6.3.1/../../../../arm-atollic-eabi/lib/armv7-m\libc_nano.a(lib_a-nano-svfprintf.o) (memcpy)
c:/program files (x86)/atollic/truestudio for stm32 9.0.1/armtools/bin/../lib/gcc/arm-atollic-eabi/6.3.1/../../../../arm-atollic-eabi/lib/armv7-m\libc_nano.a(lib_a-memmove.o)
                              c:/program files (x86)/atollic/truestudio for stm32 9.0.1/armtools/bin/../lib/gcc/arm-atollic-eabi/6.3.1/../../../../arm-atollic-eabi/lib/armv7-m\libc_nano.a(lib_a-nano-svfprintf.o) (memmove)
c:/program files (x86)/atollic/truestudio for stm32 9.0.1/armtools/bin/../lib/gcc/arm-atollic-eabi/6.3.1/../../../../arm-atollic-eabi/lib/armv7-m\libc_nano.a(lib_a-nano-freer.o)
                              c:/program files (x86)/atollic/truestudio for stm32 9.0.1/armtools/bin/../lib/gcc/arm-atollic-eabi/6.3.1/../../../../arm-atollic-eabi/lib/armv7-m\libc_nano.a(lib_a-nano-svfprintf.o) (_free_r)
c:/program files (x86)/atollic/truestudio for stm32 9.0.1/armtools/bin/../lib/gcc/arm-atollic-eabi/6.3.1/../../../../arm-atollic-eabi/lib/armv7-m\libc_nano.a(lib_a-nano-mallocr.o)
                              c:/program files (x86)/atollic/truestudio for stm32 9.0.1/armtools/bin/../lib/gcc/arm-atollic-eabi/6.3.1/../../../../arm-atollic-eabi/lib/armv7-m\libc_nano.a(lib_a-nano-svfprintf.o) (_malloc_r)
c:/program files (x86)/atollic/truestudio for stm32 9.0.1/armtools/bin/../lib/gcc/arm-atollic-eabi/6.3.1/../../../../arm-atollic-eabi/lib/armv7-m\libc_nano.a(lib_a-nano-reallocr.o)
                              c:/program files (x86)/atollic/truestudio for stm32 9.0.1/armtools/bin/../lib/gcc/arm-atollic-eabi/6.3.1/../../../../arm-atollic-eabi/lib/armv7-m\libc_nano.a(lib_a-nano-svfprintf.o) (_realloc_r)
c:/program files (x86)/atollic/truestudio for stm32 9.0.1/armtools/bin/../lib/gcc/arm-atollic-eabi/6.3.1/../../../../arm-atollic-eabi/lib/armv7-m\libc_nano.a(lib_a-sbrkr.o)
                              c:/program files (x86)/atollic/truestudio for stm32 9.0.1/armtools/bin/../lib/gcc/arm-atollic-eabi/6.3.1/../../../../arm-atollic-eabi/lib/armv7-m\libc_nano.a(lib_a-nano-mallocr.o) (_sbrk_r)
c:/program files (x86)/atollic/truestudio for stm32 9.0.1/armtools/bin/../lib/gcc/arm-atollic-eabi/6.3.1/../../../../arm-atollic-eabi/lib/armv7-m\libc_nano.a(lib_a-mlock.o)
                              c:/program files (x86)/atollic/truestudio for stm32 9.0.1/armtools/bin/../lib/gcc/arm-atollic-eabi/6.3.1/../../../../arm-atollic-eabi/lib/armv7-m\libc_nano.a(lib_a-nano-freer.o) (__malloc_lock)
[...]
Memory Configuration

Name             Origin             Length             Attributes
RAM              0x20000000         0x00014000         xrw
FLASH            0x08000000         0x00080000         xr
*default*        0x00000000         0xffffffff

Linker script and memory map

LOAD c:/program files (x86)/atollic/truestudio for stm32 9.0.1/armtools/bin/../lib/gcc/arm-atollic-eabi/6.3.1/armv7-m/crti.o
LOAD c:/program files (x86)/atollic/truestudio for stm32 9.0.1/armtools/bin/../lib/gcc/arm-atollic-eabi/6.3.1/armv7-m/crtbegin.o
LOAD Drivers\STM32L1xx_HAL_Driver\Src\stm32l1xx_hal.o
LOAD Drivers\STM32L1xx_HAL_Driver\Src\stm32l1xx_hal_cortex.o
LOAD Drivers\STM32L1xx_HAL_Driver\Src\stm32l1xx_hal_dma.o
LOAD Drivers\STM32L1xx_HAL_Driver\Src\stm32l1xx_hal_flash.o
LOAD Drivers\STM32L1xx_HAL_Driver\Src\stm32l1xx_hal_flash_ex.o
LOAD Drivers\STM32L1xx_HAL_Driver\Src\stm32l1xx_hal_flash_ramfunc.o
LOAD Drivers\STM32L1xx_HAL_Driver\Src\stm32l1xx_hal_gpio.o
LOAD Drivers\STM32L1xx_HAL_Driver\Src\stm32l1xx_hal_i2c.o
LOAD Drivers\STM32L1xx_HAL_Driver\Src\stm32l1xx_hal_pwr.o
LOAD Drivers\STM32L1xx_HAL_Driver\Src\stm32l1xx_hal_pwr_ex.o
LOAD Drivers\STM32L1xx_HAL_Driver\Src\stm32l1xx_hal_rcc.o
LOAD Drivers\STM32L1xx_HAL_Driver\Src\stm32l1xx_hal_rcc_ex.o
LOAD Drivers\STM32L1xx_HAL_Driver\Src\stm32l1xx_hal_tim.o
LOAD Drivers\STM32L1xx_HAL_Driver\Src\stm32l1xx_hal_tim_ex.o
LOAD Drivers\STM32L1xx_HAL_Driver\Src\stm32l1xx_hal_uart.o
LOAD Src\main.o
LOAD Src\stm32l1xx_hal_msp.o
LOAD Src\stm32l1xx_it.o
LOAD Src\system_stm32l1xx.o
LOAD startup\startup_stm32l152xe.o
                0x00000080                malloc_getpagesize_P = 0x80
START GROUP
LOAD c:/program files (x86)/atollic/truestudio for stm32 9.0.1/armtools/bin/../lib/gcc/arm-atollic-eabi/6.3.1/../../../../arm-atollic-eabi/lib/armv7-m\libc_nano.a
LOAD c:/program files (x86)/atollic/truestudio for stm32 9.0.1/armtools/bin/../lib/gcc/arm-atollic-eabi/6.3.1/../../../../arm-atollic-eabi/lib/armv7-m\libm.a
END GROUP
START GROUP
LOAD c:/program files (x86)/atollic/truestudio for stm32 9.0.1/armtools/bin/../lib/gcc/arm-atollic-eabi/6.3.1/armv7-m\libgcc.a
LOAD c:/program files (x86)/atollic/truestudio for stm32 9.0.1/armtools/bin/../lib/gcc/arm-atollic-eabi/6.3.1/../../../../arm-atollic-eabi/lib/armv7-m\libc_nano.a
END GROUP
START GROUP
LOAD c:/program files (x86)/atollic/truestudio for stm32 9.0.1/armtools/bin/../lib/gcc/arm-atollic-eabi/6.3.1/armv7-m\libgcc.a
LOAD c:/program files (x86)/atollic/truestudio for stm32 9.0.1/armtools/bin/../lib/gcc/arm-atollic-eabi/6.3.1/../../../../arm-atollic-eabi/lib/armv7-m\libc_nano.a
LOAD c:/program files (x86)/atollic/truestudio for stm32 9.0.1/armtools/bin/../lib/gcc/arm-atollic-eabi/6.3.1/../../../../arm-atollic-eabi/lib/armv7-m\libnosys.a
END GROUP
START GROUP
LOAD c:/program files (x86)/atollic/truestudio for stm32 9.0.1/armtools/bin/../lib/gcc/arm-atollic-eabi/6.3.1/armv7-m\libgcc.a
LOAD c:/program files (x86)/atollic/truestudio for stm32 9.0.1/armtools/bin/../lib/gcc/arm-atollic-eabi/6.3.1/../../../../arm-atollic-eabi/lib/armv7-m\libc_nano.a
LOAD c:/program files (x86)/atollic/truestudio for stm32 9.0.1/armtools/bin/../lib/gcc/arm-atollic-eabi/6.3.1/../../../../arm-atollic-eabi/lib/armv7-m\libnosys.a
END GROUP
LOAD c:/program files (x86)/atollic/truestudio for stm32 9.0.1/armtools/bin/../lib/gcc/arm-atollic-eabi/6.3.1/armv7-m/crtend.o
LOAD c:/program files (x86)/atollic/truestudio for stm32 9.0.1/armtools/bin/../lib/gcc/arm-atollic-eabi/6.3.1/armv7-m/crtn.o
                0x20014000                _estack = 0x20014000
                0x00000200                _Min_Heap_Size = 0x200
                0x00000400                _Min_Stack_Size = 0x400

.isr_vector     0x08000000      0x13c
                0x08000000                . = ALIGN (0x4)
 *(.isr_vector)
 .isr_vector    0x08000000      0x13c startup\startup_stm32l152xe.o
                0x08000000                g_pfnVectors
                0x0800013c                . = ALIGN (0x4)

.text           0x0800013c     0x259c
                0x0800013c                . = ALIGN (0x4)
 *(.text)
 .text          0x0800013c       0x40 c:/program files (x86)/atollic/truestudio for stm32 9.0.1/armtools/bin/../lib/gcc/arm-atollic-eabi/6.3.1/armv7-m/crtbegin.o
 *(.text*)
 .text.HAL_InitTick
                0x0800017c       0x28 Drivers\STM32L1xx_HAL_Driver\Src\stm32l1xx_hal.o
                0x0800017c                HAL_InitTick
 .text.HAL_Init
                0x080001a4       0x16 Drivers\STM32L1xx_HAL_Driver\Src\stm32l1xx_hal.o
                0x080001a4                HAL_Init
 *fill*         0x080001ba        0x2 
 .text.HAL_IncTick
                0x080001bc       0x10 Drivers\STM32L1xx_HAL_Driver\Src\stm32l1xx_hal.o
                0x080001bc                HAL_IncTick
 .text.HAL_GetTick
                0x080001cc        0xc Drivers\STM32L1xx_HAL_Driver\Src\stm32l1xx_hal.o
                0x080001cc                HAL_GetTick
 .text.HAL_Delay
                0x080001d8       0x1a Drivers\STM32L1xx_HAL_Driver\Src\stm32l1xx_hal.o
                0x080001d8                HAL_Delay
 *fill*         0x080001f2        0x2 
 .text.HAL_NVIC_SetPriorityGrouping
                0x080001f4       0x24 Drivers\STM32L1xx_HAL_Driver\Src\stm32l1xx_hal_cortex.o
                0x080001f4                HAL_NVIC_SetPriorityGrouping
 .text.HAL_NVIC_SetPriority
                0x08000218       0x68 Drivers\STM32L1xx_HAL_Driver\Src\stm32l1xx_hal_cortex.o
                0x08000218                HAL_NVIC_SetPriority
 .text.HAL_SYSTICK_Config
                0x08000280       0x2c Drivers\STM32L1xx_HAL_Driver\Src\stm32l1xx_hal_cortex.o
                0x08000280                HAL_SYSTICK_Config
 .text.HAL_SYSTICK_CLKSourceConfig
                0x080002ac       0x18 Drivers\STM32L1xx_HAL_Driver\Src\stm32l1xx_hal_cortex.o
                0x080002ac                HAL_SYSTICK_CLKSourceConfig
 .text.HAL_SYSTICK_Callback
                0x080002c4        0x2 Drivers\STM32L1xx_HAL_Driver\Src\stm32l1xx_hal_cortex.o
                0x080002c4                HAL_SYSTICK_Callback
 .text.HAL_SYSTICK_IRQHandler
                0x080002c6        0x8 Drivers\STM32L1xx_HAL_Driver\Src\stm32l1xx_hal_cortex.o
                0x080002c6                HAL_SYSTICK_IRQHandler
 *fill*         0x080002ce        0x2 
 .text.HAL_GPIO_Init
                0x080002d0      0x1a4 Drivers\STM32L1xx_HAL_Driver\Src\stm32l1xx_hal_gpio.o
                0x080002d0                HAL_GPIO_Init
 .text.HAL_GPIO_WritePin
                0x08000474        0xa Drivers\STM32L1xx_HAL_Driver\Src\stm32l1xx_hal_gpio.o
                0x08000474                HAL_GPIO_WritePin
 .text.I2C_IsAcknowledgeFailed
                0x0800047e       0x2a Drivers\STM32L1xx_HAL_Driver\Src\stm32l1xx_hal_i2c.o
 .text.I2C_WaitOnMasterAddressFlagUntilTimeout
                0x080004a8       0x80 Drivers\STM32L1xx_HAL_Driver\Src\stm32l1xx_hal_i2c.o
 .text.I2C_WaitOnFlagUntilTimeout
                0x08000528       0x5c Drivers\STM32L1xx_HAL_Driver\Src\stm32l1xx_hal_i2c.o
 .text.I2C_WaitOnTXEFlagUntilTimeout
                0x08000584       0x4c Drivers\STM32L1xx_HAL_Driver\Src\stm32l1xx_hal_i2c.o
 .text.I2C_WaitOnRXNEFlagUntilTimeout
                0x080005d0       0x5a Drivers\STM32L1xx_HAL_Driver\Src\stm32l1xx_hal_i2c.o
 .text.I2C_WaitOnBTFFlagUntilTimeout
                0x0800062a       0x4c Drivers\STM32L1xx_HAL_Driver\Src\stm32l1xx_hal_i2c.o
 *fill*         0x08000676        0x2 
 .text.HAL_I2C_Init
                0x08000678      0x11c Drivers\STM32L1xx_HAL_Driver\Src\stm32l1xx_hal_i2c.o
                0x08000678                HAL_I2C_Init
 .text.HAL_I2C_Master_Transmit
                0x08000794      0x1ac Drivers\STM32L1xx_HAL_Driver\Src\stm32l1xx_hal_i2c.o
                0x08000794                HAL_I2C_Master_Transmit
 .text.HAL_I2C_Master_Receive
                0x08000940      0x2f0 Drivers\STM32L1xx_HAL_Driver\Src\stm32l1xx_hal_i2c.o
                0x08000940                HAL_I2C_Master_Receive
 .text.RCC_SetFlashLatencyFromMSIRange
                0x08000c30       0x80 Drivers\STM32L1xx_HAL_Driver\Src\stm32l1xx_hal_rcc.o
 .text.HAL_RCC_OscConfig
                0x08000cb0      0x6a8 Drivers\STM32L1xx_HAL_Driver\Src\stm32l1xx_hal_rcc.o
                0x08000cb0                HAL_RCC_OscConfig
 .text.HAL_RCC_GetSysClockFreq
                0x08001358       0x8c Drivers\STM32L1xx_HAL_Driver\Src\stm32l1xx_hal_rcc.o
                0x08001358                HAL_RCC_GetSysClockFreq
 .text.HAL_RCC_ClockConfig
                0x080013e4      0x1bc Drivers\STM32L1xx_HAL_Driver\Src\stm32l1xx_hal_rcc.o
                0x080013e4                HAL_RCC_ClockConfig
 .text.HAL_RCC_GetHCLKFreq
                0x080015a0        0xc Drivers\STM32L1xx_HAL_Driver\Src\stm32l1xx_hal_rcc.o
                0x080015a0                HAL_RCC_GetHCLKFreq
 .text.HAL_RCC_GetPCLK1Freq
                0x080015ac       0x30 Drivers\STM32L1xx_HAL_Driver\Src\stm32l1xx_hal_rcc.o
                0x080015ac                HAL_RCC_GetPCLK1Freq
 .text.HAL_RCC_GetPCLK2Freq
                0x080015dc       0x30 Drivers\STM32L1xx_HAL_Driver\Src\stm32l1xx_hal_rcc.o
                0x080015dc                HAL_RCC_GetPCLK2Freq
 .text.UART_SetConfig
                0x0800160c      0x244 Drivers\STM32L1xx_HAL_Driver\Src\stm32l1xx_hal_uart.o
 .text.UART_WaitOnFlagUntilTimeout.constprop.1
                0x08001850       0x60 Drivers\STM32L1xx_HAL_Driver\Src\stm32l1xx_hal_uart.o
 .text.HAL_UART_Init
                0x080018b0       0x58 Drivers\STM32L1xx_HAL_Driver\Src\stm32l1xx_hal_uart.o
                0x080018b0                HAL_UART_Init
 .text.HAL_UART_Transmit
                0x08001908       0xb6 Drivers\STM32L1xx_HAL_Driver\Src\stm32l1xx_hal_uart.o
                0x08001908                HAL_UART_Transmit
 *fill*         0x080019be        0x2 
 .text.send_to_uart
                0x080019c0       0x84 Src\main.o
                0x080019c0                send_to_uart
 .text.SystemClock_Config
                0x08001a44       0x80 Src\main.o
                0x08001a44                SystemClock_Config
 .text.startup.main
                0x08001ac4      0x160 Src\main.o
                0x08001ac4                main
 .text.HAL_MspInit
                0x08001c24       0xa0 Src\stm32l1xx_hal_msp.o
                0x08001c24                HAL_MspInit
 .text.HAL_I2C_MspInit
                0x08001cc4       0x50 Src\stm32l1xx_hal_msp.o
                0x08001cc4                HAL_I2C_MspInit
 .text.HAL_UART_MspInit
                0x08001d14       0x4c Src\stm32l1xx_hal_msp.o
                0x08001d14                HAL_UART_MspInit
 .text.SysTick_Handler
                0x08001d60        0xe Src\stm32l1xx_it.o
                0x08001d60                SysTick_Handler
 *fill*         0x08001d6e        0x2 
 .text.SystemInit
                0x08001d70       0x48 Src\system_stm32l1xx.o
                0x08001d70                SystemInit
 .text.Reset_Handler
                0x08001db8       0x48 startup\startup_stm32l152xe.o
                0x08001db8                Reset_Handler
 .text.Default_Handler
                0x08001e00        0x2 startup\startup_stm32l152xe.o
                0x08001e00                RTC_Alarm_IRQHandler
                0x08001e00                EXTI2_IRQHandler
                0x08001e00                COMP_ACQ_IRQHandler
                0x08001e00                DebugMon_Handler
                0x08001e00                HardFault_Handler
                0x08001e00                TIM10_IRQHandler
                0x08001e00                USB_HP_IRQHandler
                0x08001e00                TIM6_IRQHandler
                0x08001e00                PVD_IRQHandler
                0x08001e00                PendSV_Handler
                0x08001e00                NMI_Handler
                0x08001e00                EXTI3_IRQHandler
                0x08001e00                EXTI0_IRQHandler
                0x08001e00                I2C2_EV_IRQHandler
                0x08001e00                UsageFault_Handler
                0x08001e00                SPI1_IRQHandler
                0x08001e00                USB_FS_WKUP_IRQHandler
                0x08001e00                DMA2_Channel2_IRQHandler
                0x08001e00                DMA1_Channel4_IRQHandler
                0x08001e00                ADC1_IRQHandler
                0x08001e00                USART3_IRQHandler
                0x08001e00                DMA1_Channel7_IRQHandler
                0x08001e00                LCD_IRQHandler
                0x08001e00                UART5_IRQHandler
                0x08001e00                TIM4_IRQHandler
                0x08001e00                DMA2_Channel1_IRQHandler
                0x08001e00                I2C1_EV_IRQHandler
                0x08001e00                DMA1_Channel6_IRQHandler
                0x08001e00                UART4_IRQHandler
                0x08001e00                DMA2_Channel4_IRQHandler
                0x08001e00                TIM3_IRQHandler
                0x08001e00                RCC_IRQHandler
                0x08001e00                DMA1_Channel1_IRQHandler
                0x08001e00                Default_Handler
                0x08001e00                EXTI15_10_IRQHandler
                0x08001e00                TIM7_IRQHandler
                0x08001e00                TIM5_IRQHandler
                0x08001e00                EXTI9_5_IRQHandler
                0x08001e00                TIM9_IRQHandler
                0x08001e00                TAMPER_STAMP_IRQHandler
                0x08001e00                RTC_WKUP_IRQHandler
                0x08001e00                SPI2_IRQHandler
                0x08001e00                MemManage_Handler
                0x08001e00                SVC_Handler
                0x08001e00                DMA2_Channel5_IRQHandler
                0x08001e00                DMA1_Channel5_IRQHandler
                0x08001e00                USB_LP_IRQHandler
                0x08001e00                EXTI4_IRQHandler
                0x08001e00                DMA1_Channel3_IRQHandler
                0x08001e00                COMP_IRQHandler
                0x08001e00                WWDG_IRQHandler
                0x08001e00                TIM2_IRQHandler
                0x08001e00                DAC_IRQHandler
                0x08001e00                EXTI1_IRQHandler
                0x08001e00                TIM11_IRQHandler
                0x08001e00                USART2_IRQHandler
                0x08001e00                I2C2_ER_IRQHandler
                0x08001e00                DMA1_Channel2_IRQHandler
                0x08001e00                FLASH_IRQHandler
                0x08001e00                BusFault_Handler
                0x08001e00                USART1_IRQHandler
                0x08001e00                SPI3_IRQHandler
                0x08001e00                I2C1_ER_IRQHandler
                0x08001e00                DMA2_Channel3_IRQHandler
 *fill*         0x08001e02        0x2 
 .text.__libc_init_array
                0x08001e04       0x48 c:/program files (x86)/atollic/truestudio for stm32 9.0.1/armtools/bin/../lib/gcc/arm-atollic-eabi/6.3.1/../../../../arm-atollic-eabi/lib/armv7-m\libc_nano.a(lib_a-init.o)
                0x08001e04                __libc_init_array
 .text.sprintf  0x08001e4c       0x48 c:/program files (x86)/atollic/truestudio for stm32 9.0.1/armtools/bin/../lib/gcc/arm-atollic-eabi/6.3.1/../../../../arm-atollic-eabi/lib/armv7-m\libc_nano.a(lib_a-sprintf.o)
                0x08001e4c                siprintf
                0x08001e4c                sprintf
 .text.__ssputs_r
                0x08001e94       0xb6 c:/program files (x86)/atollic/truestudio for stm32 9.0.1/armtools/bin/../lib/gcc/arm-atollic-eabi/6.3.1/../../../../arm-atollic-eabi/lib/armv7-m\libc_nano.a(lib_a-nano-svfprintf.o)
                0x08001e94                __ssputs_r
 *fill*         0x08001f4a        0x2 
 .text._svfprintf_r
                0x08001f4c      0x1e8 c:/program files (x86)/atollic/truestudio for stm32 9.0.1/armtools/bin/../lib/gcc/arm-atollic-eabi/6.3.1/../../../../arm-atollic-eabi/lib/armv7-m\libc_nano.a(lib_a-nano-svfprintf.o)
                0x08001f4c                _svfiprintf_r
                0x08001f4c                _svfprintf_r
 .text._printf_common
                0x08002134       0xee c:/program files (x86)/atollic/truestudio for stm32 9.0.1/armtools/bin/../lib/gcc/arm-atollic-eabi/6.3.1/../../../../arm-atollic-eabi/lib/armv7-m\libc_nano.a(lib_a-nano-vfprintf_i.o)
                0x08002134                _printf_common
 *fill*         0x08002222        0x2 
 .text._printf_i
                0x08002224      0x240 c:/program files (x86)/atollic/truestudio for stm32 9.0.1/armtools/bin/../lib/gcc/arm-atollic-eabi/6.3.1/../../../../arm-atollic-eabi/lib/armv7-m\libc_nano.a(lib_a-nano-vfprintf_i.o)
                0x08002224                _printf_i
 .text.memchr   0x08002464       0x1c c:/program files (x86)/atollic/truestudio for stm32 9.0.1/armtools/bin/../lib/gcc/arm-atollic-eabi/6.3.1/../../../../arm-atollic-eabi/lib/armv7-m\libc_nano.a(lib_a-memchr-stub.o)
                0x08002464                memchr
 .text.memcpy   0x08002480       0x16 c:/program files (x86)/atollic/truestudio for stm32 9.0.1/armtools/bin/../lib/gcc/arm-atollic-eabi/6.3.1/../../../../arm-atollic-eabi/lib/armv7-m\libc_nano.a(lib_a-memcpy-stub.o)
                0x08002480                memcpy
 .text.memmove  0x08002496       0x34 c:/program files (x86)/atollic/truestudio for stm32 9.0.1/armtools/bin/../lib/gcc/arm-atollic-eabi/6.3.1/../../../../arm-atollic-eabi/lib/armv7-m\libc_nano.a(lib_a-memmove.o)
                0x08002496                memmove
 *fill*         0x080024ca        0x2 
 .text._free_r  0x080024cc       0x98 c:/program files (x86)/atollic/truestudio for stm32 9.0.1/armtools/bin/../lib/gcc/arm-atollic-eabi/6.3.1/../../../../arm-atollic-eabi/lib/armv7-m\libc_nano.a(lib_a-nano-freer.o)
                0x080024cc                _free_r
 .text._malloc_r
                0x08002564       0xbc c:/program files (x86)/atollic/truestudio for stm32 9.0.1/armtools/bin/../lib/gcc/arm-atollic-eabi/6.3.1/../../../../arm-atollic-eabi/lib/armv7-m\libc_nano.a(lib_a-nano-mallocr.o)
                0x08002564                _malloc_r
 .text._realloc_r
                0x08002620       0x4c c:/program files (x86)/atollic/truestudio for stm32 9.0.1/armtools/bin/../lib/gcc/arm-atollic-eabi/6.3.1/../../../../arm-atollic-eabi/lib/armv7-m\libc_nano.a(lib_a-nano-reallocr.o)
                0x08002620                _realloc_r
 .text._sbrk_r  0x0800266c       0x20 c:/program files (x86)/atollic/truestudio for stm32 9.0.1/armtools/bin/../lib/gcc/arm-atollic-eabi/6.3.1/../../../../arm-atollic-eabi/lib/armv7-m\libc_nano.a(lib_a-sbrkr.o)
                0x0800266c                _sbrk_r
 .text.__malloc_lock
                0x0800268c        0x2 c:/program files (x86)/atollic/truestudio for stm32 9.0.1/armtools/bin/../lib/gcc/arm-atollic-eabi/6.3.1/../../../../arm-atollic-eabi/lib/armv7-m\libc_nano.a(lib_a-mlock.o)
                0x0800268c                __malloc_lock
 .text.__malloc_unlock
                0x0800268e        0x2 c:/program files (x86)/atollic/truestudio for stm32 9.0.1/armtools/bin/../lib/gcc/arm-atollic-eabi/6.3.1/../../../../arm-atollic-eabi/lib/armv7-m\libc_nano.a(lib_a-mlock.o)
                0x0800268e                __malloc_unlock
 .text._malloc_usable_size_r
                0x08002690       0x12 c:/program files (x86)/atollic/truestudio for stm32 9.0.1/armtools/bin/../lib/gcc/arm-atollic-eabi/6.3.1/../../../../arm-atollic-eabi/lib/armv7-m\libc_nano.a(lib_a-nano-msizer.o)
                0x08002690                _malloc_usable_size_r
 *fill*         0x080026a2        0x2 
 .text._sbrk    0x080026a4       0x1c c:/program files (x86)/atollic/truestudio for stm32 9.0.1/armtools/bin/../lib/gcc/arm-atollic-eabi/6.3.1/../../../../arm-atollic-eabi/lib/armv7-m\libnosys.a(sbrk.o)
                0x080026a4                _sbrk
 *(.glue_7)
 .glue_7        0x080026c0        0x0 linker stubs
 *(.glue_7t)
 .glue_7t       0x080026c0        0x0 linker stubs
 *(.eh_frame)
 .eh_frame      0x080026c0        0x0 c:/program files (x86)/atollic/truestudio for stm32 9.0.1/armtools/bin/../lib/gcc/arm-atollic-eabi/6.3.1/armv7-m/crtbegin.o
 *(.init)
 .init          0x080026c0        0x4 c:/program files (x86)/atollic/truestudio for stm32 9.0.1/armtools/bin/../lib/gcc/arm-atollic-eabi/6.3.1/armv7-m/crti.o
                0x080026c0                _init
 .init          0x080026c4        0x8 c:/program files (x86)/atollic/truestudio for stm32 9.0.1/armtools/bin/../lib/gcc/arm-atollic-eabi/6.3.1/armv7-m/crtn.o
 *(.fini)
 .fini          0x080026cc        0x4 c:/program files (x86)/atollic/truestudio for stm32 9.0.1/armtools/bin/../lib/gcc/arm-atollic-eabi/6.3.1/armv7-m/crti.o
                0x080026cc                _fini
 .fini          0x080026d0        0x8 c:/program files (x86)/atollic/truestudio for stm32 9.0.1/armtools/bin/../lib/gcc/arm-atollic-eabi/6.3.1/armv7-m/crtn.o
                0x080026d8                . = ALIGN (0x4)
                0x080026d8                _etext = .

.vfp11_veneer   0x080026d8        0x0
 .vfp11_veneer  0x080026d8        0x0 linker stubs

.v4_bx          0x080026d8        0x0
 .v4_bx         0x080026d8        0x0 linker stubs

.iplt           0x080026d8        0x0
 .iplt          0x080026d8        0x0 c:/program files (x86)/atollic/truestudio for stm32 9.0.1/armtools/bin/../lib/gcc/arm-atollic-eabi/6.3.1/armv7-m/crtbegin.o

.rodata         0x080026d8       0x60
                0x080026d8                . = ALIGN (0x4)
 *(.rodata)
 *(.rodata*)
 .rodata.send_to_uart.str1.1
                0x080026d8        0x9 Src\main.o
 .rodata.AHBPrescTable
                0x080026e1       0x10 Src\system_stm32l1xx.o
                0x080026e1                AHBPrescTable
 .rodata.APBPrescTable
                0x080026f1        0x8 Src\system_stm32l1xx.o
                0x080026f1                APBPrescTable
 .rodata.PLLMulTable
                0x080026f9        0x9 Src\system_stm32l1xx.o
                0x080026f9                PLLMulTable
 .rodata._svfprintf_r.str1.1
                0x08002702       0x11 c:/program files (x86)/atollic/truestudio for stm32 9.0.1/armtools/bin/../lib/gcc/arm-atollic-eabi/6.3.1/../../../../arm-atollic-eabi/lib/armv7-m\libc_nano.a(lib_a-nano-svfprintf.o)
 .rodata._printf_i.str1.1
                0x08002713       0x22 c:/program files (x86)/atollic/truestudio for stm32 9.0.1/armtools/bin/../lib/gcc/arm-atollic-eabi/6.3.1/../../../../arm-atollic-eabi/lib/armv7-m\libc_nano.a(lib_a-nano-vfprintf_i.o)
                0x08002738                . = ALIGN (0x4)
 *fill*         0x08002735        0x3 

.rel.dyn        0x08002738        0x0
 .rel.iplt      0x08002738        0x0 c:/program files (x86)/atollic/truestudio for stm32 9.0.1/armtools/bin/../lib/gcc/arm-atollic-eabi/6.3.1/armv7-m/crtbegin.o

.ARM.extab
 *(.ARM.extab* .gnu.linkonce.armextab.*)

.ARM            0x08002738        0x0
                0x08002738                __exidx_start = .
 *(.ARM.exidx*)
                0x08002738                __exidx_end = .

.preinit_array  0x08002738        0x0
                0x08002738                PROVIDE (__preinit_array_start, .)
 *(.preinit_array*)
                0x08002738                PROVIDE (__preinit_array_end, .)

.init_array     0x08002738        0x4
                0x08002738                PROVIDE (__init_array_start, .)
 *(SORT(.init_array.*))
 *(.init_array*)
 .init_array    0x08002738        0x4 c:/program files (x86)/atollic/truestudio for stm32 9.0.1/armtools/bin/../lib/gcc/arm-atollic-eabi/6.3.1/armv7-m/crtbegin.o
                0x0800273c                PROVIDE (__init_array_end, .)

.fini_array     0x0800273c        0x4
                [!provide]                PROVIDE (__fini_array_start, .)
 *(SORT(.fini_array.*))
 *(.fini_array*)
 .fini_array    0x0800273c        0x4 c:/program files (x86)/atollic/truestudio for stm32 9.0.1/armtools/bin/../lib/gcc/arm-atollic-eabi/6.3.1/armv7-m/crtbegin.o
                [!provide]                PROVIDE (__fini_array_end, .)
                0x08002740                _sidata = LOADADDR (.data)

.data           0x20000000       0x68 load address 0x08002740
                0x20000000                . = ALIGN (0x4)
                0x20000000                _sdata = .
 *(.data)
 *(.data*)
 .data.SystemCoreClock
                0x20000000        0x4 Src\system_stm32l1xx.o
                0x20000000                SystemCoreClock
 .data._impure_ptr
                0x20000004        0x4 c:/program files (x86)/atollic/truestudio for stm32 9.0.1/armtools/bin/../lib/gcc/arm-atollic-eabi/6.3.1/../../../../arm-atollic-eabi/lib/armv7-m\libc_nano.a(lib_a-impure.o)
                0x20000004                _impure_ptr
 .data.impure_data
                0x20000008       0x60 c:/program files (x86)/atollic/truestudio for stm32 9.0.1/armtools/bin/../lib/gcc/arm-atollic-eabi/6.3.1/../../../../arm-atollic-eabi/lib/armv7-m\libc_nano.a(lib_a-impure.o)
                0x20000068                . = ALIGN (0x4)
                0x20000068                _edata = .

.igot.plt       0x20000068        0x0 load address 0x080027a8
 .igot.plt      0x20000068        0x0 c:/program files (x86)/atollic/truestudio for stm32 9.0.1/armtools/bin/../lib/gcc/arm-atollic-eabi/6.3.1/armv7-m/crtbegin.o
                0x20000068                . = ALIGN (0x4)

.bss            0x20000068       0xc4 load address 0x080027a8
                0x20000068                _sbss = .
                0x20000068                __bss_start__ = _sbss
 *(.bss)
 .bss           0x20000068       0x1c c:/program files (x86)/atollic/truestudio for stm32 9.0.1/armtools/bin/../lib/gcc/arm-atollic-eabi/6.3.1/armv7-m/crtbegin.o
 *(.bss*)
 .bss.__malloc_free_list
                0x20000084        0x4 c:/program files (x86)/atollic/truestudio for stm32 9.0.1/armtools/bin/../lib/gcc/arm-atollic-eabi/6.3.1/../../../../arm-atollic-eabi/lib/armv7-m\libc_nano.a(lib_a-nano-mallocr.o)
                0x20000084                __malloc_free_list
 .bss.__malloc_sbrk_start
                0x20000088        0x4 c:/program files (x86)/atollic/truestudio for stm32 9.0.1/armtools/bin/../lib/gcc/arm-atollic-eabi/6.3.1/../../../../arm-atollic-eabi/lib/armv7-m\libc_nano.a(lib_a-nano-mallocr.o)
                0x20000088                __malloc_sbrk_start
 .bss.heap_end.4116
                0x2000008c        0x4 c:/program files (x86)/atollic/truestudio for stm32 9.0.1/armtools/bin/../lib/gcc/arm-atollic-eabi/6.3.1/../../../../arm-atollic-eabi/lib/armv7-m\libnosys.a(sbrk.o)
 *(COMMON)
 COMMON         0x20000090        0x4 Drivers\STM32L1xx_HAL_Driver\Src\stm32l1xx_hal.o
                0x20000090                uwTick
 COMMON         0x20000094       0x94 Src\main.o
                0x20000094                hi2c1
                0x200000e8                huart2
 COMMON         0x20000128        0x4 c:/program files (x86)/atollic/truestudio for stm32 9.0.1/armtools/bin/../lib/gcc/arm-atollic-eabi/6.3.1/../../../../arm-atollic-eabi/lib/armv7-m\libc_nano.a(lib_a-reent.o)
                0x20000128                errno
                0x2000012c                . = ALIGN (0x4)
                0x2000012c                _ebss = .
                0x2000012c                __bss_end__ = _ebss

._user_heap_stack
                0x2000012c      0x600 load address 0x080027a8
                0x2000012c                . = ALIGN (0x4)
                0x2000012c                PROVIDE (end, .)
                [!provide]                PROVIDE (_end, .)
                0x2000032c                . = (. + _Min_Heap_Size)
 *fill*         0x2000012c      0x200 
                0x2000072c                . = (. + _Min_Stack_Size)
 *fill*         0x2000032c      0x400 
                0x2000072c                . = ALIGN (0x4)

/DISCARD/
 libc.a(*)
 libm.a(*)
 libgcc.a(*)

.ARM.attributes
                0x00000000       0x29
 *(.ARM.attributes)
 .ARM.attributes
                0x00000000       0x1d c:/program files (x86)/atollic/truestudio for stm32 9.0.1/armtools/bin/../lib/gcc/arm-atollic-eabi/6.3.1/armv7-m/crti.o
 .ARM.attributes
                0x0000001d       0x2d c:/program files (x86)/atollic/truestudio for stm32 9.0.1/armtools/bin/../lib/gcc/arm-atollic-eabi/6.3.1/armv7-m/crtbegin.o
 .ARM.attributes
                0x0000004a       0x33 Drivers\STM32L1xx_HAL_Driver\Src\stm32l1xx_hal.o
 .ARM.attributes
                0x0000007d       0x33 Drivers\STM32L1xx_HAL_Driver\Src\stm32l1xx_hal_cortex.o
 .ARM.attributes
                0x000000b0       0x33 Drivers\STM32L1xx_HAL_Driver\Src\stm32l1xx_hal_gpio.o
 .ARM.attributes
                0x000000e3       0x33 Drivers\STM32L1xx_HAL_Driver\Src\stm32l1xx_hal_i2c.o
 .ARM.attributes
                0x00000116       0x33 Drivers\STM32L1xx_HAL_Driver\Src\stm32l1xx_hal_rcc.o
 .ARM.attributes
                0x00000149       0x33 Drivers\STM32L1xx_HAL_Driver\Src\stm32l1xx_hal_uart.o
 .ARM.attributes
                0x0000017c       0x33 Src\main.o
 .ARM.attributes
                0x000001af       0x33 Src\stm32l1xx_hal_msp.o
 .ARM.attributes
                0x000001e2       0x33 Src\stm32l1xx_it.o
 .ARM.attributes
                0x00000215       0x33 Src\system_stm32l1xx.o
 .ARM.attributes
                0x00000248       0x21 startup\startup_stm32l152xe.o
 .ARM.attributes
                0x00000269       0x2d c:/program files (x86)/atollic/truestudio for stm32 9.0.1/armtools/bin/../lib/gcc/arm-atollic-eabi/6.3.1/../../../../arm-atollic-eabi/lib/armv7-m\libc_nano.a(lib_a-init.o)
 .ARM.attributes
                0x00000296       0x2d c:/program files (x86)/atollic/truestudio for stm32 9.0.1/armtools/bin/../lib/gcc/arm-atollic-eabi/6.3.1/../../../../arm-atollic-eabi/lib/armv7-m\libc_nano.a(lib_a-sprintf.o)
 .ARM.attributes
                0x000002c3       0x2d c:/program files (x86)/atollic/truestudio for stm32 9.0.1/armtools/bin/../lib/gcc/arm-atollic-eabi/6.3.1/../../../../arm-atollic-eabi/lib/armv7-m\libc_nano.a(lib_a-impure.o)
 .ARM.attributes
                0x000002f0       0x2d c:/program files (x86)/atollic/truestudio for stm32 9.0.1/armtools/bin/../lib/gcc/arm-atollic-eabi/6.3.1/../../../../arm-atollic-eabi/lib/armv7-m\libc_nano.a(lib_a-nano-svfprintf.o)
 .ARM.attributes
                0x0000031d       0x2d c:/program files (x86)/atollic/truestudio for stm32 9.0.1/armtools/bin/../lib/gcc/arm-atollic-eabi/6.3.1/../../../../arm-atollic-eabi/lib/armv7-m\libc_nano.a(lib_a-nano-vfprintf_i.o)
 .ARM.attributes
                0x0000034a       0x2d c:/program files (x86)/atollic/truestudio for stm32 9.0.1/armtools/bin/../lib/gcc/arm-atollic-eabi/6.3.1/../../../../arm-atollic-eabi/lib/armv7-m\libc_nano.a(lib_a-memchr-stub.o)
 .ARM.attributes
                0x00000377       0x2d c:/program files (x86)/atollic/truestudio for stm32 9.0.1/armtools/bin/../lib/gcc/arm-atollic-eabi/6.3.1/../../../../arm-atollic-eabi/lib/armv7-m\libc_nano.a(lib_a-memcpy-stub.o)
 .ARM.attributes
                0x000003a4       0x2d c:/program files (x86)/atollic/truestudio for stm32 9.0.1/armtools/bin/../lib/gcc/arm-atollic-eabi/6.3.1/../../../../arm-atollic-eabi/lib/armv7-m\libc_nano.a(lib_a-memmove.o)
 .ARM.attributes
                0x000003d1       0x2d c:/program files (x86)/atollic/truestudio for stm32 9.0.1/armtools/bin/../lib/gcc/arm-atollic-eabi/6.3.1/../../../../arm-atollic-eabi/lib/armv7-m\libc_nano.a(lib_a-nano-freer.o)
 .ARM.attributes
                0x000003fe       0x2d c:/program files (x86)/atollic/truestudio for stm32 9.0.1/armtools/bin/../lib/gcc/arm-atollic-eabi/6.3.1/../../../../arm-atollic-eabi/lib/armv7-m\libc_nano.a(lib_a-nano-mallocr.o)
 .ARM.attributes
                0x0000042b       0x2d c:/program files (x86)/atollic/truestudio for stm32 9.0.1/armtools/bin/../lib/gcc/arm-atollic-eabi/6.3.1/../../../../arm-atollic-eabi/lib/armv7-m\libc_nano.a(lib_a-nano-reallocr.o)
 .ARM.attributes
                0x00000458       0x2d c:/program files (x86)/atollic/truestudio for stm32 9.0.1/armtools/bin/../lib/gcc/arm-atollic-eabi/6.3.1/../../../../arm-atollic-eabi/lib/armv7-m\libc_nano.a(lib_a-sbrkr.o)
 .ARM.attributes
                0x00000485       0x2d c:/program files (x86)/atollic/truestudio for stm32 9.0.1/armtools/bin/../lib/gcc/arm-atollic-eabi/6.3.1/../../../../arm-atollic-eabi/lib/armv7-m\libc_nano.a(lib_a-mlock.o)
 .ARM.attributes
                0x000004b2       0x2d c:/program files (x86)/atollic/truestudio for stm32 9.0.1/armtools/bin/../lib/gcc/arm-atollic-eabi/6.3.1/../../../../arm-atollic-eabi/lib/armv7-m\libc_nano.a(lib_a-nano-msizer.o)
 .ARM.attributes
                0x000004df       0x2d c:/program files (x86)/atollic/truestudio for stm32 9.0.1/armtools/bin/../lib/gcc/arm-atollic-eabi/6.3.1/../../../../arm-atollic-eabi/lib/armv7-m\libc_nano.a(lib_a-reent.o)
 .ARM.attributes
                0x0000050c       0x2d c:/program files (x86)/atollic/truestudio for stm32 9.0.1/armtools/bin/../lib/gcc/arm-atollic-eabi/6.3.1/../../../../arm-atollic-eabi/lib/armv7-m\libnosys.a(sbrk.o)
 .ARM.attributes
                0x00000539       0x1d c:/program files (x86)/atollic/truestudio for stm32 9.0.1/armtools/bin/../lib/gcc/arm-atollic-eabi/6.3.1/armv7-m/crtn.o
OUTPUT(lab5.elf elf32-littlearm)

.debug_info     0x00000000     0xe8f2
 .debug_info    0x00000000      0xec3 Drivers\STM32L1xx_HAL_Driver\Src\stm32l1xx_hal.o
 .debug_info    0x00000ec3     0x16d1 Drivers\STM32L1xx_HAL_Driver\Src\stm32l1xx_hal_cortex.o
 .debug_info    0x00002594      0xe9c Drivers\STM32L1xx_HAL_Driver\Src\stm32l1xx_hal_gpio.o
 .debug_info    0x00003430     0x35b9 Drivers\STM32L1xx_HAL_Driver\Src\stm32l1xx_hal_i2c.o
 .debug_info    0x000069e9     0x1e5d Drivers\STM32L1xx_HAL_Driver\Src\stm32l1xx_hal_rcc.o
 .debug_info    0x00008846     0x19e3 Drivers\STM32L1xx_HAL_Driver\Src\stm32l1xx_hal_uart.o
 .debug_info    0x0000a229     0x1a73 Src\main.o
 .debug_info    0x0000bc9c     0x15f3 Src\stm32l1xx_hal_msp.o
 .debug_info    0x0000d28f      0x98f Src\stm32l1xx_it.o
 .debug_info    0x0000dc1e      0xc69 Src\system_stm32l1xx.o
 .debug_info    0x0000e887       0x6b startup\startup_stm32l152xe.o

.debug_abbrev   0x00000000     0x1bcb
 .debug_abbrev  0x00000000      0x2a4 Drivers\STM32L1xx_HAL_Driver\Src\stm32l1xx_hal.o
 .debug_abbrev  0x000002a4      0x386 Drivers\STM32L1xx_HAL_Driver\Src\stm32l1xx_hal_cortex.o
 .debug_abbrev  0x0000062a      0x268 Drivers\STM32L1xx_HAL_Driver\Src\stm32l1xx_hal_gpio.o
 .debug_abbrev  0x00000892      0x396 Drivers\STM32L1xx_HAL_Driver\Src\stm32l1xx_hal_i2c.o
 .debug_abbrev  0x00000c28      0x37e Drivers\STM32L1xx_HAL_Driver\Src\stm32l1xx_hal_rcc.o
 .debug_abbrev  0x00000fa6      0x36c Drivers\STM32L1xx_HAL_Driver\Src\stm32l1xx_hal_uart.o
 .debug_abbrev  0x00001312      0x31c Src\main.o
 .debug_abbrev  0x0000162e      0x21d Src\stm32l1xx_hal_msp.o
 .debug_abbrev  0x0000184b      0x1a4 Src\stm32l1xx_it.o
 .debug_abbrev  0x000019ef      0x1ca Src\system_stm32l1xx.o
 .debug_abbrev  0x00001bb9       0x12 startup\startup_stm32l152xe.o

.debug_loc      0x00000000     0x4892
 .debug_loc     0x00000000       0x6a Drivers\STM32L1xx_HAL_Driver\Src\stm32l1xx_hal.o
 .debug_loc     0x0000006a      0x48c Drivers\STM32L1xx_HAL_Driver\Src\stm32l1xx_hal_cortex.o
 .debug_loc     0x000004f6      0x319 Drivers\STM32L1xx_HAL_Driver\Src\stm32l1xx_hal_gpio.o
 .debug_loc     0x0000080f     0x25b8 Drivers\STM32L1xx_HAL_Driver\Src\stm32l1xx_hal_i2c.o
 .debug_loc     0x00002dc7      0xaf6 Drivers\STM32L1xx_HAL_Driver\Src\stm32l1xx_hal_rcc.o
 .debug_loc     0x000038bd      0xdb4 Drivers\STM32L1xx_HAL_Driver\Src\stm32l1xx_hal_uart.o
 .debug_loc     0x00004671       0x52 Src\main.o
 .debug_loc     0x000046c3       0x9a Src\stm32l1xx_hal_msp.o
 .debug_loc     0x0000475d      0x135 Src\system_stm32l1xx.o

.debug_aranges  0x00000000      0x5b8
 .debug_aranges
                0x00000000       0xa8 Drivers\STM32L1xx_HAL_Driver\Src\stm32l1xx_hal.o
 .debug_aranges
                0x000000a8       0xa8 Drivers\STM32L1xx_HAL_Driver\Src\stm32l1xx_hal_cortex.o
 .debug_aranges
                0x00000150       0x58 Drivers\STM32L1xx_HAL_Driver\Src\stm32l1xx_hal_gpio.o
 .debug_aranges
                0x000001a8      0x190 Drivers\STM32L1xx_HAL_Driver\Src\stm32l1xx_hal_i2c.o
 .debug_aranges
                0x00000338       0x90 Drivers\STM32L1xx_HAL_Driver\Src\stm32l1xx_hal_rcc.o
 .debug_aranges
                0x000003c8      0x108 Drivers\STM32L1xx_HAL_Driver\Src\stm32l1xx_hal_uart.o
 .debug_aranges
                0x000004d0       0x38 Src\main.o
 .debug_aranges
                0x00000508       0x40 Src\stm32l1xx_hal_msp.o
 .debug_aranges
                0x00000548       0x20 Src\stm32l1xx_it.o
 .debug_aranges
                0x00000568       0x28 Src\system_stm32l1xx.o
 .debug_aranges
                0x00000590       0x28 startup\startup_stm32l152xe.o

.debug_ranges   0x00000000      0xb70
 .debug_ranges  0x00000000       0x98 Drivers\STM32L1xx_HAL_Driver\Src\stm32l1xx_hal.o
 .debug_ranges  0x00000098      0x140 Drivers\STM32L1xx_HAL_Driver\Src\stm32l1xx_hal_cortex.o
 .debug_ranges  0x000001d8       0x68 Drivers\STM32L1xx_HAL_Driver\Src\stm32l1xx_hal_gpio.o
 .debug_ranges  0x00000240      0x418 Drivers\STM32L1xx_HAL_Driver\Src\stm32l1xx_hal_i2c.o
 .debug_ranges  0x00000658      0x2a8 Drivers\STM32L1xx_HAL_Driver\Src\stm32l1xx_hal_rcc.o
 .debug_ranges  0x00000900      0x140 Drivers\STM32L1xx_HAL_Driver\Src\stm32l1xx_hal_uart.o
 .debug_ranges  0x00000a40       0x80 Src\main.o
 .debug_ranges  0x00000ac0       0x68 Src\stm32l1xx_hal_msp.o
 .debug_ranges  0x00000b28       0x10 Src\stm32l1xx_it.o
 .debug_ranges  0x00000b38       0x18 Src\system_stm32l1xx.o
 .debug_ranges  0x00000b50       0x20 startup\startup_stm32l152xe.o

.debug_line     0x00000000     0x48fe
 .debug_line    0x00000000      0x3ed Drivers\STM32L1xx_HAL_Driver\Src\stm32l1xx_hal.o
 .debug_line    0x000003ed      0x4e4 Drivers\STM32L1xx_HAL_Driver\Src\stm32l1xx_hal_cortex.o
 .debug_line    0x000008d1      0x478 Drivers\STM32L1xx_HAL_Driver\Src\stm32l1xx_hal_gpio.o
 .debug_line    0x00000d49     0x19b1 Drivers\STM32L1xx_HAL_Driver\Src\stm32l1xx_hal_i2c.o
 .debug_line    0x000026fa      0xa34 Drivers\STM32L1xx_HAL_Driver\Src\stm32l1xx_hal_rcc.o
 .debug_line    0x0000312e      0xa73 Drivers\STM32L1xx_HAL_Driver\Src\stm32l1xx_hal_uart.o
 .debug_line    0x00003ba1      0x465 Src\main.o
 .debug_line    0x00004006      0x37a Src\stm32l1xx_hal_msp.o
 .debug_line    0x00004380      0x27f Src\stm32l1xx_it.o
 .debug_line    0x000045ff      0x282 Src\system_stm32l1xx.o
 .debug_line    0x00004881       0x7d startup\startup_stm32l152xe.o

.debug_str      0x00000000     0x2771
 .debug_str     0x00000000      0xb8f Drivers\STM32L1xx_HAL_Driver\Src\stm32l1xx_hal.o
                                0xc3a (size before relaxing)
 .debug_str     0x00000b8f      0x3fc Drivers\STM32L1xx_HAL_Driver\Src\stm32l1xx_hal_cortex.o
                                0xedc (size before relaxing)
 .debug_str     0x00000f8b      0x1c7 Drivers\STM32L1xx_HAL_Driver\Src\stm32l1xx_hal_gpio.o
                                0x892 (size before relaxing)
 .debug_str     0x00001152      0xbec Drivers\STM32L1xx_HAL_Driver\Src\stm32l1xx_hal_i2c.o
                               0x12c5 (size before relaxing)
 .debug_str     0x00001d3e      0x37d Drivers\STM32L1xx_HAL_Driver\Src\stm32l1xx_hal_rcc.o
                                0xb00 (size before relaxing)
 .debug_str     0x000020bb      0x518 Drivers\STM32L1xx_HAL_Driver\Src\stm32l1xx_hal_uart.o
                                0xe00 (size before relaxing)
 .debug_str     0x000025d3      0x101 Src\main.o
                               0x13b3 (size before relaxing)
 .debug_str     0x000026d4       0x1b Src\stm32l1xx_hal_msp.o
                               0x10e2 (size before relaxing)
 .debug_str     0x000026ef       0x26 Src\stm32l1xx_it.o
                                0x64a (size before relaxing)
 .debug_str     0x00002715       0x5c Src\system_stm32l1xx.o
                                0x720 (size before relaxing)

.comment        0x00000000       0x7c
 .comment       0x00000000       0x7c Drivers\STM32L1xx_HAL_Driver\Src\stm32l1xx_hal.o
                                 0x7d (size before relaxing)
 .comment       0x0000007c       0x7d Drivers\STM32L1xx_HAL_Driver\Src\stm32l1xx_hal_cortex.o
 .comment       0x0000007c       0x7d Drivers\STM32L1xx_HAL_Driver\Src\stm32l1xx_hal_gpio.o
 .comment       0x0000007c       0x7d Drivers\STM32L1xx_HAL_Driver\Src\stm32l1xx_hal_i2c.o
 .comment       0x0000007c       0x7d Drivers\STM32L1xx_HAL_Driver\Src\stm32l1xx_hal_rcc.o
 .comment       0x0000007c       0x7d Drivers\STM32L1xx_HAL_Driver\Src\stm32l1xx_hal_uart.o
 .comment       0x0000007c       0x7d Src\main.o
 .comment       0x0000007c       0x7d Src\stm32l1xx_hal_msp.o
 .comment       0x0000007c       0x7d Src\stm32l1xx_it.o
 .comment       0x0000007c       0x7d Src\system_stm32l1xx.o

.debug_frame    0x00000000     0x1384
 .debug_frame   0x00000000      0x164 Drivers\STM32L1xx_HAL_Driver\Src\stm32l1xx_hal.o
 .debug_frame   0x00000164      0x158 Drivers\STM32L1xx_HAL_Driver\Src\stm32l1xx_hal_cortex.o
 .debug_frame   0x000002bc       0xd4 Drivers\STM32L1xx_HAL_Driver\Src\stm32l1xx_hal_gpio.o
 .debug_frame   0x00000390      0x678 Drivers\STM32L1xx_HAL_Driver\Src\stm32l1xx_hal_i2c.o
 .debug_frame   0x00000a08      0x160 Drivers\STM32L1xx_HAL_Driver\Src\stm32l1xx_hal_rcc.o
 .debug_frame   0x00000b68      0x320 Drivers\STM32L1xx_HAL_Driver\Src\stm32l1xx_hal_uart.o
 .debug_frame   0x00000e88       0x80 Src\main.o
 .debug_frame   0x00000f08       0x7c Src\stm32l1xx_hal_msp.o
 .debug_frame   0x00000f84       0x2c Src\stm32l1xx_it.o
 .debug_frame   0x00000fb0       0x38 Src\system_stm32l1xx.o
 .debug_frame   0x00000fe8       0x2c c:/program files (x86)/atollic/truestudio for stm32 9.0.1/armtools/bin/../lib/gcc/arm-atollic-eabi/6.3.1/../../../../arm-atollic-eabi/lib/armv7-m\libc_nano.a(lib_a-init.o)
 .debug_frame   0x00001014       0x70 c:/program files (x86)/atollic/truestudio for stm32 9.0.1/armtools/bin/../lib/gcc/arm-atollic-eabi/6.3.1/../../../../arm-atollic-eabi/lib/armv7-m\libc_nano.a(lib_a-sprintf.o)
 .debug_frame   0x00001084       0x90 c:/program files (x86)/atollic/truestudio for stm32 9.0.1/armtools/bin/../lib/gcc/arm-atollic-eabi/6.3.1/../../../../arm-atollic-eabi/lib/armv7-m\libc_nano.a(lib_a-nano-svfprintf.o)
 .debug_frame   0x00001114       0x60 c:/program files (x86)/atollic/truestudio for stm32 9.0.1/armtools/bin/../lib/gcc/arm-atollic-eabi/6.3.1/../../../../arm-atollic-eabi/lib/armv7-m\libc_nano.a(lib_a-nano-vfprintf_i.o)
 .debug_frame   0x00001174       0x28 c:/program files (x86)/atollic/truestudio for stm32 9.0.1/armtools/bin/../lib/gcc/arm-atollic-eabi/6.3.1/../../../../arm-atollic-eabi/lib/armv7-m\libc_nano.a(lib_a-memchr-stub.o)
 .debug_frame   0x0000119c       0x28 c:/program files (x86)/atollic/truestudio for stm32 9.0.1/armtools/bin/../lib/gcc/arm-atollic-eabi/6.3.1/../../../../arm-atollic-eabi/lib/armv7-m\libc_nano.a(lib_a-memcpy-stub.o)
 .debug_frame   0x000011c4       0x28 c:/program files (x86)/atollic/truestudio for stm32 9.0.1/armtools/bin/../lib/gcc/arm-atollic-eabi/6.3.1/../../../../arm-atollic-eabi/lib/armv7-m\libc_nano.a(lib_a-memmove.o)
 .debug_frame   0x000011ec       0x38 c:/program files (x86)/atollic/truestudio for stm32 9.0.1/armtools/bin/../lib/gcc/arm-atollic-eabi/6.3.1/../../../../arm-atollic-eabi/lib/armv7-m\libc_nano.a(lib_a-nano-freer.o)
 .debug_frame   0x00001224       0x2c c:/program files (x86)/atollic/truestudio for stm32 9.0.1/armtools/bin/../lib/gcc/arm-atollic-eabi/6.3.1/../../../../arm-atollic-eabi/lib/armv7-m\libc_nano.a(lib_a-nano-mallocr.o)
 .debug_frame   0x00001250       0x3c c:/program files (x86)/atollic/truestudio for stm32 9.0.1/armtools/bin/../lib/gcc/arm-atollic-eabi/6.3.1/../../../../arm-atollic-eabi/lib/armv7-m\libc_nano.a(lib_a-nano-reallocr.o)
 .debug_frame   0x0000128c       0x2c c:/program files (x86)/atollic/truestudio for stm32 9.0.1/armtools/bin/../lib/gcc/arm-atollic-eabi/6.3.1/../../../../arm-atollic-eabi/lib/armv7-m\libc_nano.a(lib_a-sbrkr.o)
 .debug_frame   0x000012b8       0x30 c:/program files (x86)/atollic/truestudio for stm32 9.0.1/armtools/bin/../lib/gcc/arm-atollic-eabi/6.3.1/../../../../arm-atollic-eabi/lib/armv7-m\libc_nano.a(lib_a-mlock.o)
 .debug_frame   0x000012e8       0x20 c:/program files (x86)/atollic/truestudio for stm32 9.0.1/armtools/bin/../lib/gcc/arm-atollic-eabi/6.3.1/../../../../arm-atollic-eabi/lib/armv7-m\libc_nano.a(lib_a-nano-msizer.o)
 .debug_frame   0x00001308       0x5c c:/program files (x86)/atollic/truestudio for stm32 9.0.1/armtools/bin/../lib/gcc/arm-atollic-eabi/6.3.1/../../../../arm-atollic-eabi/lib/armv7-m\libc_nano.a(lib_a-reent.o)
 .debug_frame   0x00001364       0x20 c:/program files (x86)/atollic/truestudio for stm32 9.0.1/armtools/bin/../lib/gcc/arm-atollic-eabi/6.3.1/../../../../arm-atollic-eabi/lib/armv7-m\libnosys.a(sbrk.o)
