stm32l1xx_hal_adc.c:754:13:HAL_ADC_MspInit	0	static
stm32l1xx_hal_adc.c:383:19:HAL_ADC_Init	32	static
stm32l1xx_hal_adc.c:769:13:HAL_ADC_MspDeInit	0	static
stm32l1xx_hal_adc.c:934:19:HAL_ADC_PollForConversion	16	static
stm32l1xx_hal_adc.c:1027:19:HAL_ADC_PollForEvent	24	static
stm32l1xx_hal_adc.c:1387:10:HAL_ADC_GetValue	0	static
stm32l1xx_hal_adc.c:1547:13:HAL_ADC_ConvCpltCallback	0	static
stm32l1xx_hal_adc.c:1994:13:ADC_DMAConvCplt	8	static
stm32l1xx_hal_adc.c:1562:13:HAL_ADC_ConvHalfCpltCallback	0	static
stm32l1xx_hal_adc.c:2046:13:ADC_DMAHalfConvCplt	8	static
stm32l1xx_hal_adc.c:1577:13:HAL_ADC_LevelOutOfWindowCallback	0	static
stm32l1xx_hal_adc.c:1599:13:HAL_ADC_ErrorCallback	0	static
stm32l1xx_hal_adc.c:2060:13:ADC_DMAError	8	static
stm32l1xx_hal_adc.c:1404:6:HAL_ADC_IRQHandler	16	static
stm32l1xx_hal_adc.c:1648:19:HAL_ADC_ConfigChannel	24	static
stm32l1xx_hal_adc.c:1773:19:HAL_ADC_AnalogWDGConfig	12	static
stm32l1xx_hal_adc.c:1860:10:HAL_ADC_GetState	0	static
stm32l1xx_hal_adc.c:1871:10:HAL_ADC_GetError	0	static
stm32l1xx_hal_adc.c:1901:19:ADC_Enable	24	static
stm32l1xx_hal_adc.c:811:19:HAL_ADC_Start	8	static
stm32l1xx_hal_adc.c:1097:19:HAL_ADC_Start_IT	8	static
stm32l1xx_hal_adc.c:1219:19:HAL_ADC_Start_DMA	24	static
stm32l1xx_hal_adc.c:1956:19:ADC_ConversionStop_Disable	16	static
stm32l1xx_hal_adc.c:615:19:HAL_ADC_DeInit	16	static
stm32l1xx_hal_adc.c:886:19:HAL_ADC_Stop	8	static
stm32l1xx_hal_adc.c:1173:19:HAL_ADC_Stop_IT	8	static
stm32l1xx_hal_adc.c:1319:19:HAL_ADC_Stop_DMA	8	static
