Archive member included to satisfy reference by file (symbol)

d:/truestudio for stm32 9.0.1/armtools/bin/../lib/gcc/arm-atollic-eabi/6.3.1/../../../../arm-atollic-eabi/lib/armv7-m\libc_nano.a(lib_a-init.o)
                              startup\startup_stm32l152xe.o (__libc_init_array)
d:/truestudio for stm32 9.0.1/armtools/bin/../lib/gcc/arm-atollic-eabi/6.3.1/../../../../arm-atollic-eabi/lib/armv7-m\libc_nano.a(lib_a-sprintf.o)
                              Src\main.o (sprintf)
d:/truestudio for stm32 9.0.1/armtools/bin/../lib/gcc/arm-atollic-eabi/6.3.1/../../../../arm-atollic-eabi/lib/armv7-m\libc_nano.a(lib_a-impure.o)
                              d:/truestudio for stm32 9.0.1/armtools/bin/../lib/gcc/arm-atollic-eabi/6.3.1/../../../../arm-atollic-eabi/lib/armv7-m\libc_nano.a(lib_a-sprintf.o) (_impure_ptr)
d:/truestudio for stm32 9.0.1/armtools/bin/../lib/gcc/arm-atollic-eabi/6.3.1/../../../../arm-atollic-eabi/lib/armv7-m\libc_nano.a(lib_a-nano-svfprintf.o)
                              d:/truestudio for stm32 9.0.1/armtools/bin/../lib/gcc/arm-atollic-eabi/6.3.1/../../../../arm-atollic-eabi/lib/armv7-m\libc_nano.a(lib_a-sprintf.o) (_svfprintf_r)
d:/truestudio for stm32 9.0.1/armtools/bin/../lib/gcc/arm-atollic-eabi/6.3.1/../../../../arm-atollic-eabi/lib/armv7-m\libc_nano.a(lib_a-nano-vfprintf_i.o)
                              d:/truestudio for stm32 9.0.1/armtools/bin/../lib/gcc/arm-atollic-eabi/6.3.1/../../../../arm-atollic-eabi/lib/armv7-m\libc_nano.a(lib_a-nano-svfprintf.o) (_printf_i)
d:/truestudio for stm32 9.0.1/armtools/bin/../lib/gcc/arm-atollic-eabi/6.3.1/../../../../arm-atollic-eabi/lib/armv7-m\libc_nano.a(lib_a-memchr-stub.o)
                              d:/truestudio for stm32 9.0.1/armtools/bin/../lib/gcc/arm-atollic-eabi/6.3.1/../../../../arm-atollic-eabi/lib/armv7-m\libc_nano.a(lib_a-nano-svfprintf.o) (memchr)
d:/truestudio for stm32 9.0.1/armtools/bin/../lib/gcc/arm-atollic-eabi/6.3.1/../../../../arm-atollic-eabi/lib/armv7-m\libc_nano.a(lib_a-memcpy-stub.o)
                              d:/truestudio for stm32 9.0.1/armtools/bin/../lib/gcc/arm-atollic-eabi/6.3.1/../../../../arm-atollic-eabi/lib/armv7-m\libc_nano.a(lib_a-nano-svfprintf.o) (memcpy)
d:/truestudio for stm32 9.0.1/armtools/bin/../lib/gcc/arm-atollic-eabi/6.3.1/../../../../arm-atollic-eabi/lib/armv7-m\libc_nano.a(lib_a-memmove.o)
                              d:/truestudio for stm32 9.0.1/armtools/bin/../lib/gcc/arm-atollic-eabi/6.3.1/../../../../arm-atollic-eabi/lib/armv7-m\libc_nano.a(lib_a-nano-svfprintf.o) (memmove)
d:/truestudio for stm32 9.0.1/armtools/bin/../lib/gcc/arm-atollic-eabi/6.3.1/../../../../arm-atollic-eabi/lib/armv7-m\libc_nano.a(lib_a-nano-freer.o)
                              d:/truestudio for stm32 9.0.1/armtools/bin/../lib/gcc/arm-atollic-eabi/6.3.1/../../../../arm-atollic-eabi/lib/armv7-m\libc_nano.a(lib_a-nano-svfprintf.o) (_free_r)
d:/truestudio for stm32 9.0.1/armtools/bin/../lib/gcc/arm-atollic-eabi/6.3.1/../../../../arm-atollic-eabi/lib/armv7-m\libc_nano.a(lib_a-nano-mallocr.o)
                              d:/truestudio for stm32 9.0.1/armtools/bin/../lib/gcc/arm-atollic-eabi/6.3.1/../../../../arm-atollic-eabi/lib/armv7-m\libc_nano.a(lib_a-nano-svfprintf.o) (_malloc_r)
d:/truestudio for stm32 9.0.1/armtools/bin/../lib/gcc/arm-atollic-eabi/6.3.1/../../../../arm-atollic-eabi/lib/armv7-m\libc_nano.a(lib_a-nano-reallocr.o)
                              d:/truestudio for stm32 9.0.1/armtools/bin/../lib/gcc/arm-atollic-eabi/6.3.1/../../../../arm-atollic-eabi/lib/armv7-m\libc_nano.a(lib_a-nano-svfprintf.o) (_realloc_r)
d:/truestudio for stm32 9.0.1/armtools/bin/../lib/gcc/arm-atollic-eabi/6.3.1/../../../../arm-atollic-eabi/lib/armv7-m\libc_nano.a(lib_a-sbrkr.o)
                              d:/truestudio for stm32 9.0.1/armtools/bin/../lib/gcc/arm-atollic-eabi/6.3.1/../../../../arm-atollic-eabi/lib/armv7-m\libc_nano.a(lib_a-nano-mallocr.o) (_sbrk_r)
d:/truestudio for stm32 9.0.1/armtools/bin/../lib/gcc/arm-atollic-eabi/6.3.1/../../../../arm-atollic-eabi/lib/armv7-m\libc_nano.a(lib_a-mlock.o)
                              d:/truestudio for stm32 9.0.1/armtools/bin/../lib/gcc/arm-atollic-eabi/6.3.1/../../../../arm-atollic-eabi/lib/armv7-m\libc_nano.a(lib_a-nano-freer.o) (__malloc_lock)
d:/truestudio for stm32 9.0.1/armtools/bin/../lib/gcc/arm-atollic-eabi/6.3.1/../../../../arm-atollic-eabi/lib/armv7-m\libc_nano.a(lib_a-nano-msizer.o)
                              d:/truestudio for stm32 9.0.1/armtools/bin/../lib/gcc/arm-atollic-eabi/6.3.1/../../../../arm-atollic-eabi/lib/armv7-m\libc_nano.a(lib_a-nano-reallocr.o) (_malloc_usable_size_r)
d:/truestudio for stm32 9.0.1/armtools/bin/../lib/gcc/arm-atollic-eabi/6.3.1/../../../../arm-atollic-eabi/lib/armv7-m\libc_nano.a(lib_a-reent.o)
                              d:/truestudio for stm32 9.0.1/armtools/bin/../lib/gcc/arm-atollic-eabi/6.3.1/../../../../arm-atollic-eabi/lib/armv7-m\libc_nano.a(lib_a-sbrkr.o) (errno)
[...]
Memory Configuration

Name             Origin             Length             Attributes
RAM              0x20000000         0x00014000         xrw
FLASH            0x08000000         0x00080000         xr
*default*        0x00000000         0xffffffff

Linker script and memory map

LOAD d:/truestudio for stm32 9.0.1/armtools/bin/../lib/gcc/arm-atollic-eabi/6.3.1/armv7-m/crti.o
LOAD d:/truestudio for stm32 9.0.1/armtools/bin/../lib/gcc/arm-atollic-eabi/6.3.1/armv7-m/crtbegin.o
LOAD Drivers\STM32L1xx_HAL_Driver\Src\stm32l1xx_hal.o
LOAD Drivers\STM32L1xx_HAL_Driver\Src\stm32l1xx_hal_adc.o
LOAD Drivers\STM32L1xx_HAL_Driver\Src\stm32l1xx_hal_adc_ex.o
LOAD Drivers\STM32L1xx_HAL_Driver\Src\stm32l1xx_hal_cortex.o
LOAD Drivers\STM32L1xx_HAL_Driver\Src\stm32l1xx_hal_dma.o
LOAD Drivers\STM32L1xx_HAL_Driver\Src\stm32l1xx_hal_flash.o
LOAD Drivers\STM32L1xx_HAL_Driver\Src\stm32l1xx_hal_flash_ex.o
LOAD Drivers\STM32L1xx_HAL_Driver\Src\stm32l1xx_hal_flash_ramfunc.o
LOAD Drivers\STM32L1xx_HAL_Driver\Src\stm32l1xx_hal_gpio.o
LOAD Drivers\STM32L1xx_HAL_Driver\Src\stm32l1xx_hal_pwr.o
LOAD Drivers\STM32L1xx_HAL_Driver\Src\stm32l1xx_hal_pwr_ex.o
LOAD Drivers\STM32L1xx_HAL_Driver\Src\stm32l1xx_hal_rcc.o
LOAD Drivers\STM32L1xx_HAL_Driver\Src\stm32l1xx_hal_rcc_ex.o
LOAD Drivers\STM32L1xx_HAL_Driver\Src\stm32l1xx_hal_tim.o
LOAD Drivers\STM32L1xx_HAL_Driver\Src\stm32l1xx_hal_tim_ex.o
LOAD Drivers\STM32L1xx_HAL_Driver\Src\stm32l1xx_hal_uart.o
LOAD Src\main.o
LOAD Src\stm32l1xx_hal_msp.o
LOAD Src\stm32l1xx_it.o
LOAD Src\system_stm32l1xx.o
LOAD startup\startup_stm32l152xe.o
                0x00000080                malloc_getpagesize_P = 0x80
START GROUP
LOAD d:/truestudio for stm32 9.0.1/armtools/bin/../lib/gcc/arm-atollic-eabi/6.3.1/../../../../arm-atollic-eabi/lib/armv7-m\libc_nano.a
LOAD d:/truestudio for stm32 9.0.1/armtools/bin/../lib/gcc/arm-atollic-eabi/6.3.1/../../../../arm-atollic-eabi/lib/armv7-m\libm.a
END GROUP
START GROUP
LOAD d:/truestudio for stm32 9.0.1/armtools/bin/../lib/gcc/arm-atollic-eabi/6.3.1/armv7-m\libgcc.a
LOAD d:/truestudio for stm32 9.0.1/armtools/bin/../lib/gcc/arm-atollic-eabi/6.3.1/../../../../arm-atollic-eabi/lib/armv7-m\libc_nano.a
END GROUP
START GROUP
LOAD d:/truestudio for stm32 9.0.1/armtools/bin/../lib/gcc/arm-atollic-eabi/6.3.1/armv7-m\libgcc.a
LOAD d:/truestudio for stm32 9.0.1/armtools/bin/../lib/gcc/arm-atollic-eabi/6.3.1/../../../../arm-atollic-eabi/lib/armv7-m\libc_nano.a
LOAD d:/truestudio for stm32 9.0.1/armtools/bin/../lib/gcc/arm-atollic-eabi/6.3.1/../../../../arm-atollic-eabi/lib/armv7-m\libnosys.a
END GROUP
START GROUP
LOAD d:/truestudio for stm32 9.0.1/armtools/bin/../lib/gcc/arm-atollic-eabi/6.3.1/armv7-m\libgcc.a
LOAD d:/truestudio for stm32 9.0.1/armtools/bin/../lib/gcc/arm-atollic-eabi/6.3.1/../../../../arm-atollic-eabi/lib/armv7-m\libc_nano.a
LOAD d:/truestudio for stm32 9.0.1/armtools/bin/../lib/gcc/arm-atollic-eabi/6.3.1/../../../../arm-atollic-eabi/lib/armv7-m\libnosys.a
END GROUP
LOAD d:/truestudio for stm32 9.0.1/armtools/bin/../lib/gcc/arm-atollic-eabi/6.3.1/armv7-m/crtend.o
LOAD d:/truestudio for stm32 9.0.1/armtools/bin/../lib/gcc/arm-atollic-eabi/6.3.1/armv7-m/crtn.o
                0x20014000                _estack = 0x20014000
                0x00000200                _Min_Heap_Size = 0x200
                0x00000400                _Min_Stack_Size = 0x400

.isr_vector     0x08000000      0x13c
                0x08000000                . = ALIGN (0x4)
 *(.isr_vector)
 .isr_vector    0x08000000      0x13c startup\startup_stm32l152xe.o
                0x08000000                g_pfnVectors
                0x0800013c                . = ALIGN (0x4)

.text           0x08000140     0x299c
                0x08000140                . = ALIGN (0x4)
 *(.text)
 .text          0x08000140       0x40 d:/truestudio for stm32 9.0.1/armtools/bin/../lib/gcc/arm-atollic-eabi/6.3.1/armv7-m/crtbegin.o
 .text          0x08000180      0x370 d:/truestudio for stm32 9.0.1/armtools/bin/../lib/gcc/arm-atollic-eabi/6.3.1/armv7-m\libgcc.a(_arm_addsubdf3.o)
                0x08000180                __aeabi_drsub
                0x08000188                __aeabi_dsub
                0x08000188                __subdf3
                0x0800018c                __aeabi_dadd
                0x0800018c                __adddf3
                0x08000404                __floatunsidf
                0x08000404                __aeabi_ui2d
                0x08000424                __floatsidf
                0x08000424                __aeabi_i2d
                0x08000448                __aeabi_f2d
                0x08000448                __extendsfdf2
                0x08000484                __floatundidf
                0x08000484                __aeabi_ul2d
                0x08000494                __floatdidf
                0x08000494                __aeabi_l2d
 .text          0x080004f0      0x424 d:/truestudio for stm32 9.0.1/armtools/bin/../lib/gcc/arm-atollic-eabi/6.3.1/armv7-m\libgcc.a(_arm_muldivdf3.o)
                0x080004f0                __aeabi_dmul
                0x080004f0                __muldf3
                0x08000744                __divdf3
                0x08000744                __aeabi_ddiv
 *(.text*)
 .text.HAL_InitTick
                0x08000914       0x28 Drivers\STM32L1xx_HAL_Driver\Src\stm32l1xx_hal.o
                0x08000914                HAL_InitTick
 .text.HAL_Init
                0x0800093c       0x16 Drivers\STM32L1xx_HAL_Driver\Src\stm32l1xx_hal.o
                0x0800093c                HAL_Init
 *fill*         0x08000952        0x2 
 .text.HAL_IncTick
                0x08000954       0x10 Drivers\STM32L1xx_HAL_Driver\Src\stm32l1xx_hal.o
                0x08000954                HAL_IncTick
 .text.HAL_GetTick
                0x08000964        0xc Drivers\STM32L1xx_HAL_Driver\Src\stm32l1xx_hal.o
                0x08000964                HAL_GetTick
 .text.HAL_Delay
                0x08000970       0x1a Drivers\STM32L1xx_HAL_Driver\Src\stm32l1xx_hal.o
                0x08000970                HAL_Delay
 *fill*         0x0800098a        0x2 
 .text.HAL_ADC_Init
                0x0800098c      0x17c Drivers\STM32L1xx_HAL_Driver\Src\stm32l1xx_hal_adc.o
                0x0800098c                HAL_ADC_Init
 .text.HAL_ADC_PollForConversion
                0x08000b08       0xa4 Drivers\STM32L1xx_HAL_Driver\Src\stm32l1xx_hal_adc.o
                0x08000b08                HAL_ADC_PollForConversion
 .text.HAL_ADC_GetValue
                0x08000bac        0x6 Drivers\STM32L1xx_HAL_Driver\Src\stm32l1xx_hal_adc.o
                0x08000bac                HAL_ADC_GetValue
 *fill*         0x08000bb2        0x2 
 .text.HAL_ADC_ConfigChannel
                0x08000bb4      0x16c Drivers\STM32L1xx_HAL_Driver\Src\stm32l1xx_hal_adc.o
                0x08000bb4                HAL_ADC_ConfigChannel
 .text.ADC_Enable
                0x08000d20       0x74 Drivers\STM32L1xx_HAL_Driver\Src\stm32l1xx_hal_adc.o
                0x08000d20                ADC_Enable
 .text.HAL_ADC_Start
                0x08000d94       0x6e Drivers\STM32L1xx_HAL_Driver\Src\stm32l1xx_hal_adc.o
                0x08000d94                HAL_ADC_Start
 *fill*         0x08000e02        0x2 
 .text.HAL_NVIC_SetPriorityGrouping
                0x08000e04       0x24 Drivers\STM32L1xx_HAL_Driver\Src\stm32l1xx_hal_cortex.o
                0x08000e04                HAL_NVIC_SetPriorityGrouping
 .text.HAL_NVIC_SetPriority
                0x08000e28       0x68 Drivers\STM32L1xx_HAL_Driver\Src\stm32l1xx_hal_cortex.o
                0x08000e28                HAL_NVIC_SetPriority
 .text.HAL_SYSTICK_Config
                0x08000e90       0x2c Drivers\STM32L1xx_HAL_Driver\Src\stm32l1xx_hal_cortex.o
                0x08000e90                HAL_SYSTICK_Config
 .text.HAL_SYSTICK_CLKSourceConfig
                0x08000ebc       0x18 Drivers\STM32L1xx_HAL_Driver\Src\stm32l1xx_hal_cortex.o
                0x08000ebc                HAL_SYSTICK_CLKSourceConfig
 .text.HAL_SYSTICK_Callback
                0x08000ed4        0x2 Drivers\STM32L1xx_HAL_Driver\Src\stm32l1xx_hal_cortex.o
                0x08000ed4                HAL_SYSTICK_Callback
 .text.HAL_SYSTICK_IRQHandler
                0x08000ed6        0x8 Drivers\STM32L1xx_HAL_Driver\Src\stm32l1xx_hal_cortex.o
                0x08000ed6                HAL_SYSTICK_IRQHandler
 *fill*         0x08000ede        0x2 
 .text.HAL_GPIO_Init
                0x08000ee0      0x1a4 Drivers\STM32L1xx_HAL_Driver\Src\stm32l1xx_hal_gpio.o
                0x08000ee0                HAL_GPIO_Init
 .text.HAL_GPIO_WritePin
                0x08001084        0xa Drivers\STM32L1xx_HAL_Driver\Src\stm32l1xx_hal_gpio.o
                0x08001084                HAL_GPIO_WritePin
 *fill*         0x0800108e        0x2 
 .text.RCC_SetFlashLatencyFromMSIRange
                0x08001090       0x80 Drivers\STM32L1xx_HAL_Driver\Src\stm32l1xx_hal_rcc.o
 .text.HAL_RCC_OscConfig
                0x08001110      0x6a8 Drivers\STM32L1xx_HAL_Driver\Src\stm32l1xx_hal_rcc.o
                0x08001110                HAL_RCC_OscConfig
 .text.HAL_RCC_GetSysClockFreq
                0x080017b8       0x8c Drivers\STM32L1xx_HAL_Driver\Src\stm32l1xx_hal_rcc.o
                0x080017b8                HAL_RCC_GetSysClockFreq
 .text.HAL_RCC_ClockConfig
                0x08001844      0x1bc Drivers\STM32L1xx_HAL_Driver\Src\stm32l1xx_hal_rcc.o
                0x08001844                HAL_RCC_ClockConfig
 .text.HAL_RCC_GetHCLKFreq
                0x08001a00        0xc Drivers\STM32L1xx_HAL_Driver\Src\stm32l1xx_hal_rcc.o
                0x08001a00                HAL_RCC_GetHCLKFreq
 .text.HAL_RCC_GetPCLK1Freq
                0x08001a0c       0x30 Drivers\STM32L1xx_HAL_Driver\Src\stm32l1xx_hal_rcc.o
                0x08001a0c                HAL_RCC_GetPCLK1Freq
 .text.HAL_RCC_GetPCLK2Freq
                0x08001a3c       0x30 Drivers\STM32L1xx_HAL_Driver\Src\stm32l1xx_hal_rcc.o
                0x08001a3c                HAL_RCC_GetPCLK2Freq
 .text.UART_SetConfig
                0x08001a6c      0x244 Drivers\STM32L1xx_HAL_Driver\Src\stm32l1xx_hal_uart.o
 .text.UART_WaitOnFlagUntilTimeout.constprop.1
                0x08001cb0       0x60 Drivers\STM32L1xx_HAL_Driver\Src\stm32l1xx_hal_uart.o
 .text.HAL_UART_Init
                0x08001d10       0x58 Drivers\STM32L1xx_HAL_Driver\Src\stm32l1xx_hal_uart.o
                0x08001d10                HAL_UART_Init
 .text.HAL_UART_Transmit
                0x08001d68       0xb6 Drivers\STM32L1xx_HAL_Driver\Src\stm32l1xx_hal_uart.o
                0x08001d68                HAL_UART_Transmit
 *fill*         0x08001e1e        0x2 
 .text.SystemClock_Config
                0x08001e20       0x80 Src\main.o
                0x08001e20                SystemClock_Config
 .text.startup.main
                0x08001ea0      0x188 Src\main.o
                0x08001ea0                main
 .text.HAL_MspInit
                0x08002028       0xa0 Src\stm32l1xx_hal_msp.o
                0x08002028                HAL_MspInit
 .text.HAL_ADC_MspInit
                0x080020c8       0x40 Src\stm32l1xx_hal_msp.o
                0x080020c8                HAL_ADC_MspInit
 .text.HAL_UART_MspInit
                0x08002108       0x4c Src\stm32l1xx_hal_msp.o
                0x08002108                HAL_UART_MspInit
 .text.NMI_Handler
                0x08002154        0x2 Src\stm32l1xx_it.o
                0x08002154                NMI_Handler
 .text.HardFault_Handler
                0x08002156        0x2 Src\stm32l1xx_it.o
                0x08002156                HardFault_Handler
 .text.MemManage_Handler
                0x08002158        0x2 Src\stm32l1xx_it.o
                0x08002158                MemManage_Handler
 .text.BusFault_Handler
                0x0800215a        0x2 Src\stm32l1xx_it.o
                0x0800215a                BusFault_Handler
 .text.UsageFault_Handler
                0x0800215c        0x2 Src\stm32l1xx_it.o
                0x0800215c                UsageFault_Handler
 .text.SVC_Handler
                0x0800215e        0x2 Src\stm32l1xx_it.o
                0x0800215e                SVC_Handler
 .text.DebugMon_Handler
                0x08002160        0x2 Src\stm32l1xx_it.o
                0x08002160                DebugMon_Handler
 .text.PendSV_Handler
                0x08002162        0x2 Src\stm32l1xx_it.o
                0x08002162                PendSV_Handler
 .text.SysTick_Handler
                0x08002164        0xe Src\stm32l1xx_it.o
                0x08002164                SysTick_Handler
 *fill*         0x08002172        0x2 
 .text.SystemInit
                0x08002174       0x48 Src\system_stm32l1xx.o
                0x08002174                SystemInit
 .text.Reset_Handler
                0x080021bc       0x48 startup\startup_stm32l152xe.o
                0x080021bc                Reset_Handler
 .text.Default_Handler
                0x08002204        0x2 startup\startup_stm32l152xe.o
                0x08002204                RTC_Alarm_IRQHandler
                0x08002204                EXTI2_IRQHandler
                0x08002204                COMP_ACQ_IRQHandler
                0x08002204                TIM10_IRQHandler
                0x08002204                USB_HP_IRQHandler
                0x08002204                TIM6_IRQHandler
                0x08002204                PVD_IRQHandler
                0x08002204                EXTI3_IRQHandler
                0x08002204                EXTI0_IRQHandler
                0x08002204                I2C2_EV_IRQHandler
                0x08002204                SPI1_IRQHandler
                0x08002204                USB_FS_WKUP_IRQHandler
                0x08002204                DMA2_Channel2_IRQHandler
                0x08002204                DMA1_Channel4_IRQHandler
                0x08002204                ADC1_IRQHandler
                0x08002204                USART3_IRQHandler
                0x08002204                DMA1_Channel7_IRQHandler
                0x08002204                LCD_IRQHandler
                0x08002204                UART5_IRQHandler
                0x08002204                TIM4_IRQHandler
                0x08002204                DMA2_Channel1_IRQHandler
                0x08002204                I2C1_EV_IRQHandler
                0x08002204                DMA1_Channel6_IRQHandler
                0x08002204                UART4_IRQHandler
                0x08002204                DMA2_Channel4_IRQHandler
                0x08002204                TIM3_IRQHandler
                0x08002204                RCC_IRQHandler
                0x08002204                DMA1_Channel1_IRQHandler
                0x08002204                Default_Handler
                0x08002204                EXTI15_10_IRQHandler
                0x08002204                TIM7_IRQHandler
                0x08002204                TIM5_IRQHandler
                0x08002204                EXTI9_5_IRQHandler
                0x08002204                TIM9_IRQHandler
                0x08002204                TAMPER_STAMP_IRQHandler
                0x08002204                RTC_WKUP_IRQHandler
                0x08002204                SPI2_IRQHandler
                0x08002204                DMA2_Channel5_IRQHandler
                0x08002204                DMA1_Channel5_IRQHandler
                0x08002204                USB_LP_IRQHandler
                0x08002204                EXTI4_IRQHandler
                0x08002204                DMA1_Channel3_IRQHandler
                0x08002204                COMP_IRQHandler
                0x08002204                WWDG_IRQHandler
                0x08002204                TIM2_IRQHandler
                0x08002204                DAC_IRQHandler
                0x08002204                EXTI1_IRQHandler
                0x08002204                TIM11_IRQHandler
                0x08002204                USART2_IRQHandler
                0x08002204                I2C2_ER_IRQHandler
                0x08002204                DMA1_Channel2_IRQHandler
                0x08002204                FLASH_IRQHandler
                0x08002204                USART1_IRQHandler
                0x08002204                SPI3_IRQHandler
                0x08002204                I2C1_ER_IRQHandler
                0x08002204                DMA2_Channel3_IRQHandler
 *fill*         0x08002206        0x2 
 .text.__libc_init_array
                0x08002208       0x48 d:/truestudio for stm32 9.0.1/armtools/bin/../lib/gcc/arm-atollic-eabi/6.3.1/../../../../arm-atollic-eabi/lib/armv7-m\libc_nano.a(lib_a-init.o)
                0x08002208                __libc_init_array
 .text.sprintf  0x08002250       0x48 d:/truestudio for stm32 9.0.1/armtools/bin/../lib/gcc/arm-atollic-eabi/6.3.1/../../../../arm-atollic-eabi/lib/armv7-m\libc_nano.a(lib_a-sprintf.o)
                0x08002250                siprintf
                0x08002250                sprintf
 .text.__ssputs_r
                0x08002298       0xb6 d:/truestudio for stm32 9.0.1/armtools/bin/../lib/gcc/arm-atollic-eabi/6.3.1/../../../../arm-atollic-eabi/lib/armv7-m\libc_nano.a(lib_a-nano-svfprintf.o)
                0x08002298                __ssputs_r
 *fill*         0x0800234e        0x2 
 .text._svfprintf_r
                0x08002350      0x1e8 d:/truestudio for stm32 9.0.1/armtools/bin/../lib/gcc/arm-atollic-eabi/6.3.1/../../../../arm-atollic-eabi/lib/armv7-m\libc_nano.a(lib_a-nano-svfprintf.o)
                0x08002350                _svfiprintf_r
                0x08002350                _svfprintf_r
 .text._printf_common
                0x08002538       0xee d:/truestudio for stm32 9.0.1/armtools/bin/../lib/gcc/arm-atollic-eabi/6.3.1/../../../../arm-atollic-eabi/lib/armv7-m\libc_nano.a(lib_a-nano-vfprintf_i.o)
                0x08002538                _printf_common
 *fill*         0x08002626        0x2 
 .text._printf_i
                0x08002628      0x240 d:/truestudio for stm32 9.0.1/armtools/bin/../lib/gcc/arm-atollic-eabi/6.3.1/../../../../arm-atollic-eabi/lib/armv7-m\libc_nano.a(lib_a-nano-vfprintf_i.o)
                0x08002628                _printf_i
 .text.memchr   0x08002868       0x1c d:/truestudio for stm32 9.0.1/armtools/bin/../lib/gcc/arm-atollic-eabi/6.3.1/../../../../arm-atollic-eabi/lib/armv7-m\libc_nano.a(lib_a-memchr-stub.o)
                0x08002868                memchr
 .text.memcpy   0x08002884       0x16 d:/truestudio for stm32 9.0.1/armtools/bin/../lib/gcc/arm-atollic-eabi/6.3.1/../../../../arm-atollic-eabi/lib/armv7-m\libc_nano.a(lib_a-memcpy-stub.o)
                0x08002884                memcpy
 .text.memmove  0x0800289a       0x34 d:/truestudio for stm32 9.0.1/armtools/bin/../lib/gcc/arm-atollic-eabi/6.3.1/../../../../arm-atollic-eabi/lib/armv7-m\libc_nano.a(lib_a-memmove.o)
                0x0800289a                memmove
 *fill*         0x080028ce        0x2 
 .text._free_r  0x080028d0       0x98 d:/truestudio for stm32 9.0.1/armtools/bin/../lib/gcc/arm-atollic-eabi/6.3.1/../../../../arm-atollic-eabi/lib/armv7-m\libc_nano.a(lib_a-nano-freer.o)
                0x080028d0                _free_r
 .text._malloc_r
                0x08002968       0xbc d:/truestudio for stm32 9.0.1/armtools/bin/../lib/gcc/arm-atollic-eabi/6.3.1/../../../../arm-atollic-eabi/lib/armv7-m\libc_nano.a(lib_a-nano-mallocr.o)
                0x08002968                _malloc_r
 .text._realloc_r
                0x08002a24       0x4c d:/truestudio for stm32 9.0.1/armtools/bin/../lib/gcc/arm-atollic-eabi/6.3.1/../../../../arm-atollic-eabi/lib/armv7-m\libc_nano.a(lib_a-nano-reallocr.o)
                0x08002a24                _realloc_r
 .text._sbrk_r  0x08002a70       0x20 d:/truestudio for stm32 9.0.1/armtools/bin/../lib/gcc/arm-atollic-eabi/6.3.1/../../../../arm-atollic-eabi/lib/armv7-m\libc_nano.a(lib_a-sbrkr.o)
                0x08002a70                _sbrk_r
 .text.__malloc_lock
                0x08002a90        0x2 d:/truestudio for stm32 9.0.1/armtools/bin/../lib/gcc/arm-atollic-eabi/6.3.1/../../../../arm-atollic-eabi/lib/armv7-m\libc_nano.a(lib_a-mlock.o)
                0x08002a90                __malloc_lock
 .text.__malloc_unlock
                0x08002a92        0x2 d:/truestudio for stm32 9.0.1/armtools/bin/../lib/gcc/arm-atollic-eabi/6.3.1/../../../../arm-atollic-eabi/lib/armv7-m\libc_nano.a(lib_a-mlock.o)
                0x08002a92                __malloc_unlock
 .text._malloc_usable_size_r
                0x08002a94       0x12 d:/truestudio for stm32 9.0.1/armtools/bin/../lib/gcc/arm-atollic-eabi/6.3.1/../../../../arm-atollic-eabi/lib/armv7-m\libc_nano.a(lib_a-nano-msizer.o)
                0x08002a94                _malloc_usable_size_r
 *fill*         0x08002aa6        0x2 
 .text._sbrk    0x08002aa8       0x1c d:/truestudio for stm32 9.0.1/armtools/bin/../lib/gcc/arm-atollic-eabi/6.3.1/../../../../arm-atollic-eabi/lib/armv7-m\libnosys.a(sbrk.o)
                0x08002aa8                _sbrk
 *(.glue_7)
 .glue_7        0x08002ac4        0x0 linker stubs
 *(.glue_7t)
 .glue_7t       0x08002ac4        0x0 linker stubs
 *(.eh_frame)
 .eh_frame      0x08002ac4        0x0 d:/truestudio for stm32 9.0.1/armtools/bin/../lib/gcc/arm-atollic-eabi/6.3.1/armv7-m/crtbegin.o
 *(.init)
 .init          0x08002ac4        0x4 d:/truestudio for stm32 9.0.1/armtools/bin/../lib/gcc/arm-atollic-eabi/6.3.1/armv7-m/crti.o
                0x08002ac4                _init
 .init          0x08002ac8        0x8 d:/truestudio for stm32 9.0.1/armtools/bin/../lib/gcc/arm-atollic-eabi/6.3.1/armv7-m/crtn.o
 *(.fini)
 .fini          0x08002ad0        0x4 d:/truestudio for stm32 9.0.1/armtools/bin/../lib/gcc/arm-atollic-eabi/6.3.1/armv7-m/crti.o
                0x08002ad0                _fini
 .fini          0x08002ad4        0x8 d:/truestudio for stm32 9.0.1/armtools/bin/../lib/gcc/arm-atollic-eabi/6.3.1/armv7-m/crtn.o
                0x08002adc                . = ALIGN (0x4)
                0x08002adc                _etext = .

.vfp11_veneer   0x08002adc        0x0
 .vfp11_veneer  0x08002adc        0x0 linker stubs

.v4_bx          0x08002adc        0x0
 .v4_bx         0x08002adc        0x0 linker stubs

.iplt           0x08002adc        0x0
 .iplt          0x08002adc        0x0 d:/truestudio for stm32 9.0.1/armtools/bin/../lib/gcc/arm-atollic-eabi/6.3.1/armv7-m/crtbegin.o

.rodata         0x08002adc       0x5c
                0x08002adc                . = ALIGN (0x4)
 *(.rodata)
 *(.rodata*)
 .rodata.main.str1.1
                0x08002adc        0x7 Src\main.o
 .rodata.AHBPrescTable
                0x08002ae3       0x10 Src\system_stm32l1xx.o
                0x08002ae3                AHBPrescTable
 .rodata.APBPrescTable
                0x08002af3        0x8 Src\system_stm32l1xx.o
                0x08002af3                APBPrescTable
 .rodata.PLLMulTable
                0x08002afb        0x9 Src\system_stm32l1xx.o
                0x08002afb                PLLMulTable
 .rodata._svfprintf_r.str1.1
                0x08002b04       0x11 d:/truestudio for stm32 9.0.1/armtools/bin/../lib/gcc/arm-atollic-eabi/6.3.1/../../../../arm-atollic-eabi/lib/armv7-m\libc_nano.a(lib_a-nano-svfprintf.o)
 .rodata._printf_i.str1.1
                0x08002b15       0x22 d:/truestudio for stm32 9.0.1/armtools/bin/../lib/gcc/arm-atollic-eabi/6.3.1/../../../../arm-atollic-eabi/lib/armv7-m\libc_nano.a(lib_a-nano-vfprintf_i.o)
                0x08002b38                . = ALIGN (0x4)
 *fill*         0x08002b37        0x1 

.rel.dyn        0x08002b38        0x0
 .rel.iplt      0x08002b38        0x0 d:/truestudio for stm32 9.0.1/armtools/bin/../lib/gcc/arm-atollic-eabi/6.3.1/armv7-m/crtbegin.o

.ARM.extab
 *(.ARM.extab* .gnu.linkonce.armextab.*)

.ARM            0x08002b38        0x0
                0x08002b38                __exidx_start = .
 *(.ARM.exidx*)
                0x08002b38                __exidx_end = .

.preinit_array  0x08002b38        0x0
                0x08002b38                PROVIDE (__preinit_array_start, .)
 *(.preinit_array*)
                0x08002b38                PROVIDE (__preinit_array_end, .)

.init_array     0x08002b38        0x4
                0x08002b38                PROVIDE (__init_array_start, .)
 *(SORT(.init_array.*))
 *(.init_array*)
 .init_array    0x08002b38        0x4 d:/truestudio for stm32 9.0.1/armtools/bin/../lib/gcc/arm-atollic-eabi/6.3.1/armv7-m/crtbegin.o
                0x08002b3c                PROVIDE (__init_array_end, .)

.fini_array     0x08002b3c        0x4
                [!provide]                PROVIDE (__fini_array_start, .)
 *(SORT(.fini_array.*))
 *(.fini_array*)
 .fini_array    0x08002b3c        0x4 d:/truestudio for stm32 9.0.1/armtools/bin/../lib/gcc/arm-atollic-eabi/6.3.1/armv7-m/crtbegin.o
                [!provide]                PROVIDE (__fini_array_end, .)
                0x08002b40                _sidata = LOADADDR (.data)

.data           0x20000000       0x68 load address 0x08002b40
                0x20000000                . = ALIGN (0x4)
                0x20000000                _sdata = .
 *(.data)
 *(.data*)
 .data.SystemCoreClock
                0x20000000        0x4 Src\system_stm32l1xx.o
                0x20000000                SystemCoreClock
 .data._impure_ptr
                0x20000004        0x4 d:/truestudio for stm32 9.0.1/armtools/bin/../lib/gcc/arm-atollic-eabi/6.3.1/../../../../arm-atollic-eabi/lib/armv7-m\libc_nano.a(lib_a-impure.o)
                0x20000004                _impure_ptr
 .data.impure_data
                0x20000008       0x60 d:/truestudio for stm32 9.0.1/armtools/bin/../lib/gcc/arm-atollic-eabi/6.3.1/../../../../arm-atollic-eabi/lib/armv7-m\libc_nano.a(lib_a-impure.o)
                0x20000068                . = ALIGN (0x4)
                0x20000068                _edata = .

.igot.plt       0x20000068        0x0 load address 0x08002ba8
 .igot.plt      0x20000068        0x0 d:/truestudio for stm32 9.0.1/armtools/bin/../lib/gcc/arm-atollic-eabi/6.3.1/armv7-m/crtbegin.o
                0x20000068                . = ALIGN (0x4)

.bss            0x20000068       0xe4 load address 0x08002ba8
                0x20000068                _sbss = .
                0x20000068                __bss_start__ = _sbss
 *(.bss)
 .bss           0x20000068       0x1c d:/truestudio for stm32 9.0.1/armtools/bin/../lib/gcc/arm-atollic-eabi/6.3.1/armv7-m/crtbegin.o
 *(.bss*)
 .bss.msg       0x20000084       0x14 Src\main.o
                0x20000084                msg
 .bss.__malloc_free_list
                0x20000098        0x4 d:/truestudio for stm32 9.0.1/armtools/bin/../lib/gcc/arm-atollic-eabi/6.3.1/../../../../arm-atollic-eabi/lib/armv7-m\libc_nano.a(lib_a-nano-mallocr.o)
                0x20000098                __malloc_free_list
 .bss.__malloc_sbrk_start
                0x2000009c        0x4 d:/truestudio for stm32 9.0.1/armtools/bin/../lib/gcc/arm-atollic-eabi/6.3.1/../../../../arm-atollic-eabi/lib/armv7-m\libc_nano.a(lib_a-nano-mallocr.o)
                0x2000009c                __malloc_sbrk_start
 .bss.heap_end.4116
                0x200000a0        0x4 d:/truestudio for stm32 9.0.1/armtools/bin/../lib/gcc/arm-atollic-eabi/6.3.1/../../../../arm-atollic-eabi/lib/armv7-m\libnosys.a(sbrk.o)
 *(COMMON)
 COMMON         0x200000a4        0x4 Drivers\STM32L1xx_HAL_Driver\Src\stm32l1xx_hal.o
                0x200000a4                uwTick
 COMMON         0x200000a8       0xa0 Src\main.o
                0x200000a8                huart2
                0x200000e8                hadc
                0x20000140                value
 COMMON         0x20000148        0x4 d:/truestudio for stm32 9.0.1/armtools/bin/../lib/gcc/arm-atollic-eabi/6.3.1/../../../../arm-atollic-eabi/lib/armv7-m\libc_nano.a(lib_a-reent.o)
                0x20000148                errno
                0x2000014c                . = ALIGN (0x4)
                0x2000014c                _ebss = .
                0x2000014c                __bss_end__ = _ebss

._user_heap_stack
                0x2000014c      0x600 load address 0x08002ba8
                0x2000014c                . = ALIGN (0x4)
                0x2000014c                PROVIDE (end, .)
                [!provide]                PROVIDE (_end, .)
                0x2000034c                . = (. + _Min_Heap_Size)
 *fill*         0x2000014c      0x200 
                0x2000074c                . = (. + _Min_Stack_Size)
 *fill*         0x2000034c      0x400 
                0x2000074c                . = ALIGN (0x4)

/DISCARD/
 libc.a(*)
 libm.a(*)
 libgcc.a(*)

.ARM.attributes
                0x00000000       0x29
 *(.ARM.attributes)
 .ARM.attributes
                0x00000000       0x1d d:/truestudio for stm32 9.0.1/armtools/bin/../lib/gcc/arm-atollic-eabi/6.3.1/armv7-m/crti.o
 .ARM.attributes
                0x0000001d       0x2d d:/truestudio for stm32 9.0.1/armtools/bin/../lib/gcc/arm-atollic-eabi/6.3.1/armv7-m/crtbegin.o
 .ARM.attributes
                0x0000004a       0x33 Drivers\STM32L1xx_HAL_Driver\Src\stm32l1xx_hal.o
 .ARM.attributes
                0x0000007d       0x33 Drivers\STM32L1xx_HAL_Driver\Src\stm32l1xx_hal_adc.o
 .ARM.attributes
                0x000000b0       0x33 Drivers\STM32L1xx_HAL_Driver\Src\stm32l1xx_hal_cortex.o
 .ARM.attributes
                0x000000e3       0x33 Drivers\STM32L1xx_HAL_Driver\Src\stm32l1xx_hal_gpio.o
 .ARM.attributes
                0x00000116       0x33 Drivers\STM32L1xx_HAL_Driver\Src\stm32l1xx_hal_rcc.o
 .ARM.attributes
                0x00000149       0x33 Drivers\STM32L1xx_HAL_Driver\Src\stm32l1xx_hal_uart.o
 .ARM.attributes
                0x0000017c       0x33 Src\main.o
 .ARM.attributes
                0x000001af       0x33 Src\stm32l1xx_hal_msp.o
 .ARM.attributes
                0x000001e2       0x33 Src\stm32l1xx_it.o
 .ARM.attributes
                0x00000215       0x33 Src\system_stm32l1xx.o
 .ARM.attributes
                0x00000248       0x21 startup\startup_stm32l152xe.o
 .ARM.attributes
                0x00000269       0x2d d:/truestudio for stm32 9.0.1/armtools/bin/../lib/gcc/arm-atollic-eabi/6.3.1/../../../../arm-atollic-eabi/lib/armv7-m\libc_nano.a(lib_a-init.o)
 .ARM.attributes
                0x00000296       0x2d d:/truestudio for stm32 9.0.1/armtools/bin/../lib/gcc/arm-atollic-eabi/6.3.1/../../../../arm-atollic-eabi/lib/armv7-m\libc_nano.a(lib_a-sprintf.o)
 .ARM.attributes
                0x000002c3       0x2d d:/truestudio for stm32 9.0.1/armtools/bin/../lib/gcc/arm-atollic-eabi/6.3.1/../../../../arm-atollic-eabi/lib/armv7-m\libc_nano.a(lib_a-impure.o)
 .ARM.attributes
                0x000002f0       0x2d d:/truestudio for stm32 9.0.1/armtools/bin/../lib/gcc/arm-atollic-eabi/6.3.1/../../../../arm-atollic-eabi/lib/armv7-m\libc_nano.a(lib_a-nano-svfprintf.o)
 .ARM.attributes
                0x0000031d       0x2d d:/truestudio for stm32 9.0.1/armtools/bin/../lib/gcc/arm-atollic-eabi/6.3.1/../../../../arm-atollic-eabi/lib/armv7-m\libc_nano.a(lib_a-nano-vfprintf_i.o)
 .ARM.attributes
                0x0000034a       0x2d d:/truestudio for stm32 9.0.1/armtools/bin/../lib/gcc/arm-atollic-eabi/6.3.1/../../../../arm-atollic-eabi/lib/armv7-m\libc_nano.a(lib_a-memchr-stub.o)
 .ARM.attributes
                0x00000377       0x2d d:/truestudio for stm32 9.0.1/armtools/bin/../lib/gcc/arm-atollic-eabi/6.3.1/../../../../arm-atollic-eabi/lib/armv7-m\libc_nano.a(lib_a-memcpy-stub.o)
 .ARM.attributes
                0x000003a4       0x2d d:/truestudio for stm32 9.0.1/armtools/bin/../lib/gcc/arm-atollic-eabi/6.3.1/../../../../arm-atollic-eabi/lib/armv7-m\libc_nano.a(lib_a-memmove.o)
 .ARM.attributes
                0x000003d1       0x2d d:/truestudio for stm32 9.0.1/armtools/bin/../lib/gcc/arm-atollic-eabi/6.3.1/../../../../arm-atollic-eabi/lib/armv7-m\libc_nano.a(lib_a-nano-freer.o)
 .ARM.attributes
                0x000003fe       0x2d d:/truestudio for stm32 9.0.1/armtools/bin/../lib/gcc/arm-atollic-eabi/6.3.1/../../../../arm-atollic-eabi/lib/armv7-m\libc_nano.a(lib_a-nano-mallocr.o)
 .ARM.attributes
                0x0000042b       0x2d d:/truestudio for stm32 9.0.1/armtools/bin/../lib/gcc/arm-atollic-eabi/6.3.1/../../../../arm-atollic-eabi/lib/armv7-m\libc_nano.a(lib_a-nano-reallocr.o)
 .ARM.attributes
                0x00000458       0x2d d:/truestudio for stm32 9.0.1/armtools/bin/../lib/gcc/arm-atollic-eabi/6.3.1/../../../../arm-atollic-eabi/lib/armv7-m\libc_nano.a(lib_a-sbrkr.o)
 .ARM.attributes
                0x00000485       0x2d d:/truestudio for stm32 9.0.1/armtools/bin/../lib/gcc/arm-atollic-eabi/6.3.1/../../../../arm-atollic-eabi/lib/armv7-m\libc_nano.a(lib_a-mlock.o)
 .ARM.attributes
                0x000004b2       0x2d d:/truestudio for stm32 9.0.1/armtools/bin/../lib/gcc/arm-atollic-eabi/6.3.1/../../../../arm-atollic-eabi/lib/armv7-m\libc_nano.a(lib_a-nano-msizer.o)
 .ARM.attributes
                0x000004df       0x2d d:/truestudio for stm32 9.0.1/armtools/bin/../lib/gcc/arm-atollic-eabi/6.3.1/../../../../arm-atollic-eabi/lib/armv7-m\libc_nano.a(lib_a-reent.o)
 .ARM.attributes
                0x0000050c       0x1d d:/truestudio for stm32 9.0.1/armtools/bin/../lib/gcc/arm-atollic-eabi/6.3.1/armv7-m\libgcc.a(_arm_addsubdf3.o)
 .ARM.attributes
                0x00000529       0x1d d:/truestudio for stm32 9.0.1/armtools/bin/../lib/gcc/arm-atollic-eabi/6.3.1/armv7-m\libgcc.a(_arm_muldivdf3.o)
 .ARM.attributes
                0x00000546       0x2d d:/truestudio for stm32 9.0.1/armtools/bin/../lib/gcc/arm-atollic-eabi/6.3.1/../../../../arm-atollic-eabi/lib/armv7-m\libnosys.a(sbrk.o)
 .ARM.attributes
                0x00000573       0x1d d:/truestudio for stm32 9.0.1/armtools/bin/../lib/gcc/arm-atollic-eabi/6.3.1/armv7-m/crtn.o
OUTPUT(lob1.elf elf32-littlearm)

.debug_info     0x00000000     0xcbf2
 .debug_info    0x00000000      0xec3 Drivers\STM32L1xx_HAL_Driver\Src\stm32l1xx_hal.o
 .debug_info    0x00000ec3     0x18b0 Drivers\STM32L1xx_HAL_Driver\Src\stm32l1xx_hal_adc.o
 .debug_info    0x00002773     0x16d1 Drivers\STM32L1xx_HAL_Driver\Src\stm32l1xx_hal_cortex.o
 .debug_info    0x00003e44      0xe9c Drivers\STM32L1xx_HAL_Driver\Src\stm32l1xx_hal_gpio.o
 .debug_info    0x00004ce0     0x1e5d Drivers\STM32L1xx_HAL_Driver\Src\stm32l1xx_hal_rcc.o
 .debug_info    0x00006b3d     0x19e3 Drivers\STM32L1xx_HAL_Driver\Src\stm32l1xx_hal_uart.o
 .debug_info    0x00008520     0x1a34 Src\main.o
 .debug_info    0x00009f54     0x15d8 Src\stm32l1xx_hal_msp.o
 .debug_info    0x0000b52c      0x9ff Src\stm32l1xx_it.o
 .debug_info    0x0000bf2b      0xc69 Src\system_stm32l1xx.o
 .debug_info    0x0000cb94       0x5e startup\startup_stm32l152xe.o

.debug_abbrev   0x00000000     0x1c2f
 .debug_abbrev  0x00000000      0x2a4 Drivers\STM32L1xx_HAL_Driver\Src\stm32l1xx_hal.o
 .debug_abbrev  0x000002a4      0x35c Drivers\STM32L1xx_HAL_Driver\Src\stm32l1xx_hal_adc.o
 .debug_abbrev  0x00000600      0x386 Drivers\STM32L1xx_HAL_Driver\Src\stm32l1xx_hal_cortex.o
 .debug_abbrev  0x00000986      0x268 Drivers\STM32L1xx_HAL_Driver\Src\stm32l1xx_hal_gpio.o
 .debug_abbrev  0x00000bee      0x37e Drivers\STM32L1xx_HAL_Driver\Src\stm32l1xx_hal_rcc.o
 .debug_abbrev  0x00000f6c      0x36c Drivers\STM32L1xx_HAL_Driver\Src\stm32l1xx_hal_uart.o
 .debug_abbrev  0x000012d8      0x372 Src\main.o
 .debug_abbrev  0x0000164a      0x21d Src\stm32l1xx_hal_msp.o
 .debug_abbrev  0x00001867      0x1ec Src\stm32l1xx_it.o
 .debug_abbrev  0x00001a53      0x1ca Src\system_stm32l1xx.o
 .debug_abbrev  0x00001c1d       0x12 startup\startup_stm32l152xe.o

.debug_loc      0x00000000     0x2b53
 .debug_loc     0x00000000       0x6a Drivers\STM32L1xx_HAL_Driver\Src\stm32l1xx_hal.o
 .debug_loc     0x0000006a      0x83c Drivers\STM32L1xx_HAL_Driver\Src\stm32l1xx_hal_adc.o
 .debug_loc     0x000008a6      0x48c Drivers\STM32L1xx_HAL_Driver\Src\stm32l1xx_hal_cortex.o
 .debug_loc     0x00000d32      0x319 Drivers\STM32L1xx_HAL_Driver\Src\stm32l1xx_hal_gpio.o
 .debug_loc     0x0000104b      0xaf6 Drivers\STM32L1xx_HAL_Driver\Src\stm32l1xx_hal_rcc.o
 .debug_loc     0x00001b41      0xdb4 Drivers\STM32L1xx_HAL_Driver\Src\stm32l1xx_hal_uart.o
 .debug_loc     0x000028f5       0x8f Src\main.o
 .debug_loc     0x00002984       0x9a Src\stm32l1xx_hal_msp.o
 .debug_loc     0x00002a1e      0x135 Src\system_stm32l1xx.o

.debug_aranges  0x00000000      0x518
 .debug_aranges
                0x00000000       0xa8 Drivers\STM32L1xx_HAL_Driver\Src\stm32l1xx_hal.o
 .debug_aranges
                0x000000a8       0xc8 Drivers\STM32L1xx_HAL_Driver\Src\stm32l1xx_hal_adc.o
 .debug_aranges
                0x00000170       0xa8 Drivers\STM32L1xx_HAL_Driver\Src\stm32l1xx_hal_cortex.o
 .debug_aranges
                0x00000218       0x58 Drivers\STM32L1xx_HAL_Driver\Src\stm32l1xx_hal_gpio.o
 .debug_aranges
                0x00000270       0x90 Drivers\STM32L1xx_HAL_Driver\Src\stm32l1xx_hal_rcc.o
 .debug_aranges
                0x00000300      0x108 Drivers\STM32L1xx_HAL_Driver\Src\stm32l1xx_hal_uart.o
 .debug_aranges
                0x00000408       0x38 Src\main.o
 .debug_aranges
                0x00000440       0x40 Src\stm32l1xx_hal_msp.o
 .debug_aranges
                0x00000480       0x48 Src\stm32l1xx_it.o
 .debug_aranges
                0x000004c8       0x28 Src\system_stm32l1xx.o
 .debug_aranges
                0x000004f0       0x28 startup\startup_stm32l152xe.o

.debug_ranges   0x00000000      0x870
 .debug_ranges  0x00000000       0x98 Drivers\STM32L1xx_HAL_Driver\Src\stm32l1xx_hal.o
 .debug_ranges  0x00000098       0xd0 Drivers\STM32L1xx_HAL_Driver\Src\stm32l1xx_hal_adc.o
 .debug_ranges  0x00000168      0x140 Drivers\STM32L1xx_HAL_Driver\Src\stm32l1xx_hal_cortex.o
 .debug_ranges  0x000002a8       0x68 Drivers\STM32L1xx_HAL_Driver\Src\stm32l1xx_hal_gpio.o
 .debug_ranges  0x00000310      0x2a8 Drivers\STM32L1xx_HAL_Driver\Src\stm32l1xx_hal_rcc.o
 .debug_ranges  0x000005b8      0x140 Drivers\STM32L1xx_HAL_Driver\Src\stm32l1xx_hal_uart.o
 .debug_ranges  0x000006f8       0x80 Src\main.o
 .debug_ranges  0x00000778       0x88 Src\stm32l1xx_hal_msp.o
 .debug_ranges  0x00000800       0x38 Src\stm32l1xx_it.o
 .debug_ranges  0x00000838       0x18 Src\system_stm32l1xx.o
 .debug_ranges  0x00000850       0x20 startup\startup_stm32l152xe.o

.debug_line     0x00000000     0x3439
 .debug_line    0x00000000      0x399 Drivers\STM32L1xx_HAL_Driver\Src\stm32l1xx_hal.o
 .debug_line    0x00000399      0x787 Drivers\STM32L1xx_HAL_Driver\Src\stm32l1xx_hal_adc.o
 .debug_line    0x00000b20      0x490 Drivers\STM32L1xx_HAL_Driver\Src\stm32l1xx_hal_cortex.o
 .debug_line    0x00000fb0      0x424 Drivers\STM32L1xx_HAL_Driver\Src\stm32l1xx_hal_gpio.o
 .debug_line    0x000013d4      0x9e0 Drivers\STM32L1xx_HAL_Driver\Src\stm32l1xx_hal_rcc.o
 .debug_line    0x00001db4      0xa1f Drivers\STM32L1xx_HAL_Driver\Src\stm32l1xx_hal_uart.o
 .debug_line    0x000027d3      0x412 Src\main.o
 .debug_line    0x00002be5      0x32c Src\stm32l1xx_hal_msp.o
 .debug_line    0x00002f11      0x27d Src\stm32l1xx_it.o
 .debug_line    0x0000318e      0x22e Src\system_stm32l1xx.o
 .debug_line    0x000033bc       0x7d startup\startup_stm32l152xe.o

.debug_str      0x00000000     0x227a
 .debug_str     0x00000000      0xb9d Drivers\STM32L1xx_HAL_Driver\Src\stm32l1xx_hal.o
                                0xc2d (size before relaxing)
 .debug_str     0x00000b9d      0x6cf Drivers\STM32L1xx_HAL_Driver\Src\stm32l1xx_hal_adc.o
                                0xde0 (size before relaxing)
 .debug_str     0x0000126c      0x3f5 Drivers\STM32L1xx_HAL_Driver\Src\stm32l1xx_hal_cortex.o
                                0xecf (size before relaxing)
 .debug_str     0x00001661      0x1c6 Drivers\STM32L1xx_HAL_Driver\Src\stm32l1xx_hal_gpio.o
                                0x885 (size before relaxing)
 .debug_str     0x00001827      0x387 Drivers\STM32L1xx_HAL_Driver\Src\stm32l1xx_hal_rcc.o
                                0xaf3 (size before relaxing)
 .debug_str     0x00001bae      0x51d Drivers\STM32L1xx_HAL_Driver\Src\stm32l1xx_hal_uart.o
                                0xdf3 (size before relaxing)
 .debug_str     0x000020cb       0x92 Src\main.o
                               0x12de (size before relaxing)
 .debug_str     0x0000215d       0x1b Src\stm32l1xx_hal_msp.o
                               0x100d (size before relaxing)
 .debug_str     0x00002178       0xa6 Src\stm32l1xx_it.o
                                0x6bd (size before relaxing)
 .debug_str     0x0000221e       0x5c Src\system_stm32l1xx.o
                                0x713 (size before relaxing)

.comment        0x00000000       0x7c
 .comment       0x00000000       0x7c Drivers\STM32L1xx_HAL_Driver\Src\stm32l1xx_hal.o
                                 0x7d (size before relaxing)
 .comment       0x0000007c       0x7d Drivers\STM32L1xx_HAL_Driver\Src\stm32l1xx_hal_adc.o
 .comment       0x0000007c       0x7d Drivers\STM32L1xx_HAL_Driver\Src\stm32l1xx_hal_cortex.o
 .comment       0x0000007c       0x7d Drivers\STM32L1xx_HAL_Driver\Src\stm32l1xx_hal_gpio.o
 .comment       0x0000007c       0x7d Drivers\STM32L1xx_HAL_Driver\Src\stm32l1xx_hal_rcc.o
 .comment       0x0000007c       0x7d Drivers\STM32L1xx_HAL_Driver\Src\stm32l1xx_hal_uart.o
 .comment       0x0000007c       0x7d Src\main.o
 .comment       0x0000007c       0x7d Src\stm32l1xx_hal_msp.o
 .comment       0x0000007c       0x7d Src\stm32l1xx_it.o
 .comment       0x0000007c       0x7d Src\system_stm32l1xx.o

.debug_frame    0x00000000     0x1134
 .debug_frame   0x00000000      0x164 Drivers\STM32L1xx_HAL_Driver\Src\stm32l1xx_hal.o
 .debug_frame   0x00000164      0x29c Drivers\STM32L1xx_HAL_Driver\Src\stm32l1xx_hal_adc.o
 .debug_frame   0x00000400      0x158 Drivers\STM32L1xx_HAL_Driver\Src\stm32l1xx_hal_cortex.o
 .debug_frame   0x00000558       0xd4 Drivers\STM32L1xx_HAL_Driver\Src\stm32l1xx_hal_gpio.o
 .debug_frame   0x0000062c      0x160 Drivers\STM32L1xx_HAL_Driver\Src\stm32l1xx_hal_rcc.o
 .debug_frame   0x0000078c      0x320 Drivers\STM32L1xx_HAL_Driver\Src\stm32l1xx_hal_uart.o
 .debug_frame   0x00000aac       0x90 Src\main.o
 .debug_frame   0x00000b3c       0x7c Src\stm32l1xx_hal_msp.o
 .debug_frame   0x00000bb8       0xac Src\stm32l1xx_it.o
 .debug_frame   0x00000c64       0x38 Src\system_stm32l1xx.o
 .debug_frame   0x00000c9c       0x2c d:/truestudio for stm32 9.0.1/armtools/bin/../lib/gcc/arm-atollic-eabi/6.3.1/../../../../arm-atollic-eabi/lib/armv7-m\libc_nano.a(lib_a-init.o)
 .debug_frame   0x00000cc8       0x70 d:/truestudio for stm32 9.0.1/armtools/bin/../lib/gcc/arm-atollic-eabi/6.3.1/../../../../arm-atollic-eabi/lib/armv7-m\libc_nano.a(lib_a-sprintf.o)
 .debug_frame   0x00000d38       0x90 d:/truestudio for stm32 9.0.1/armtools/bin/../lib/gcc/arm-atollic-eabi/6.3.1/../../../../arm-atollic-eabi/lib/armv7-m\libc_nano.a(lib_a-nano-svfprintf.o)
 .debug_frame   0x00000dc8       0x60 d:/truestudio for stm32 9.0.1/armtools/bin/../lib/gcc/arm-atollic-eabi/6.3.1/../../../../arm-atollic-eabi/lib/armv7-m\libc_nano.a(lib_a-nano-vfprintf_i.o)
 .debug_frame   0x00000e28       0x28 d:/truestudio for stm32 9.0.1/armtools/bin/../lib/gcc/arm-atollic-eabi/6.3.1/../../../../arm-atollic-eabi/lib/armv7-m\libc_nano.a(lib_a-memchr-stub.o)
 .debug_frame   0x00000e50       0x28 d:/truestudio for stm32 9.0.1/armtools/bin/../lib/gcc/arm-atollic-eabi/6.3.1/../../../../arm-atollic-eabi/lib/armv7-m\libc_nano.a(lib_a-memcpy-stub.o)
 .debug_frame   0x00000e78       0x28 d:/truestudio for stm32 9.0.1/armtools/bin/../lib/gcc/arm-atollic-eabi/6.3.1/../../../../arm-atollic-eabi/lib/armv7-m\libc_nano.a(lib_a-memmove.o)
 .debug_frame   0x00000ea0       0x38 d:/truestudio for stm32 9.0.1/armtools/bin/../lib/gcc/arm-atollic-eabi/6.3.1/../../../../arm-atollic-eabi/lib/armv7-m\libc_nano.a(lib_a-nano-freer.o)
 .debug_frame   0x00000ed8       0x2c d:/truestudio for stm32 9.0.1/armtools/bin/../lib/gcc/arm-atollic-eabi/6.3.1/../../../../arm-atollic-eabi/lib/armv7-m\libc_nano.a(lib_a-nano-mallocr.o)
 .debug_frame   0x00000f04       0x3c d:/truestudio for stm32 9.0.1/armtools/bin/../lib/gcc/arm-atollic-eabi/6.3.1/../../../../arm-atollic-eabi/lib/armv7-m\libc_nano.a(lib_a-nano-reallocr.o)
 .debug_frame   0x00000f40       0x2c d:/truestudio for stm32 9.0.1/armtools/bin/../lib/gcc/arm-atollic-eabi/6.3.1/../../../../arm-atollic-eabi/lib/armv7-m\libc_nano.a(lib_a-sbrkr.o)
 .debug_frame   0x00000f6c       0x30 d:/truestudio for stm32 9.0.1/armtools/bin/../lib/gcc/arm-atollic-eabi/6.3.1/../../../../arm-atollic-eabi/lib/armv7-m\libc_nano.a(lib_a-mlock.o)
 .debug_frame   0x00000f9c       0x20 d:/truestudio for stm32 9.0.1/armtools/bin/../lib/gcc/arm-atollic-eabi/6.3.1/../../../../arm-atollic-eabi/lib/armv7-m\libc_nano.a(lib_a-nano-msizer.o)
 .debug_frame   0x00000fbc       0x5c d:/truestudio for stm32 9.0.1/armtools/bin/../lib/gcc/arm-atollic-eabi/6.3.1/../../../../arm-atollic-eabi/lib/armv7-m\libc_nano.a(lib_a-reent.o)
 .debug_frame   0x00001018       0xac d:/truestudio for stm32 9.0.1/armtools/bin/../lib/gcc/arm-atollic-eabi/6.3.1/armv7-m\libgcc.a(_arm_addsubdf3.o)
 .debug_frame   0x000010c4       0x50 d:/truestudio for stm32 9.0.1/armtools/bin/../lib/gcc/arm-atollic-eabi/6.3.1/armv7-m\libgcc.a(_arm_muldivdf3.o)
 .debug_frame   0x00001114       0x20 d:/truestudio for stm32 9.0.1/armtools/bin/../lib/gcc/arm-atollic-eabi/6.3.1/../../../../arm-atollic-eabi/lib/armv7-m\libnosys.a(sbrk.o)
